Archive member included to satisfy reference by file (symbol)

/Applications/STM32CubeIDE.app/Contents/Eclipse/plugins/com.st.stm32cube.ide.mcu.externaltools.gnu-tools-for-stm32.13.3.rel1.macos64_1.0.0.202411102158/tools/bin/../lib/gcc/arm-none-eabi/13.3.1/../../../../arm-none-eabi/lib/thumb/v7e-m+fp/hard/libc_nano.a(libc_a-exit.o)
                              /Applications/STM32CubeIDE.app/Contents/Eclipse/plugins/com.st.stm32cube.ide.mcu.externaltools.gnu-tools-for-stm32.13.3.rel1.macos64_1.0.0.202411102158/tools/bin/../lib/gcc/arm-none-eabi/13.3.1/../../../../arm-none-eabi/lib/thumb/v7e-m+fp/hard/crt0.o (exit)
/Applications/STM32CubeIDE.app/Contents/Eclipse/plugins/com.st.stm32cube.ide.mcu.externaltools.gnu-tools-for-stm32.13.3.rel1.macos64_1.0.0.202411102158/tools/bin/../lib/gcc/arm-none-eabi/13.3.1/../../../../arm-none-eabi/lib/thumb/v7e-m+fp/hard/libc_nano.a(libc_a-findfp.o)
                              /Applications/STM32CubeIDE.app/Contents/Eclipse/plugins/com.st.stm32cube.ide.mcu.externaltools.gnu-tools-for-stm32.13.3.rel1.macos64_1.0.0.202411102158/tools/bin/../lib/gcc/arm-none-eabi/13.3.1/../../../../arm-none-eabi/lib/thumb/v7e-m+fp/hard/libc_nano.a(libc_a-exit.o) (__stdio_exit_handler)
/Applications/STM32CubeIDE.app/Contents/Eclipse/plugins/com.st.stm32cube.ide.mcu.externaltools.gnu-tools-for-stm32.13.3.rel1.macos64_1.0.0.202411102158/tools/bin/../lib/gcc/arm-none-eabi/13.3.1/../../../../arm-none-eabi/lib/thumb/v7e-m+fp/hard/libc_nano.a(libc_a-fwalk.o)
                              /Applications/STM32CubeIDE.app/Contents/Eclipse/plugins/com.st.stm32cube.ide.mcu.externaltools.gnu-tools-for-stm32.13.3.rel1.macos64_1.0.0.202411102158/tools/bin/../lib/gcc/arm-none-eabi/13.3.1/../../../../arm-none-eabi/lib/thumb/v7e-m+fp/hard/libc_nano.a(libc_a-findfp.o) (_fwalk_sglue)
/Applications/STM32CubeIDE.app/Contents/Eclipse/plugins/com.st.stm32cube.ide.mcu.externaltools.gnu-tools-for-stm32.13.3.rel1.macos64_1.0.0.202411102158/tools/bin/../lib/gcc/arm-none-eabi/13.3.1/../../../../arm-none-eabi/lib/thumb/v7e-m+fp/hard/libc_nano.a(libc_a-memset.o)
                              /Applications/STM32CubeIDE.app/Contents/Eclipse/plugins/com.st.stm32cube.ide.mcu.externaltools.gnu-tools-for-stm32.13.3.rel1.macos64_1.0.0.202411102158/tools/bin/../lib/gcc/arm-none-eabi/13.3.1/../../../../arm-none-eabi/lib/thumb/v7e-m+fp/hard/crt0.o (memset)
/Applications/STM32CubeIDE.app/Contents/Eclipse/plugins/com.st.stm32cube.ide.mcu.externaltools.gnu-tools-for-stm32.13.3.rel1.macos64_1.0.0.202411102158/tools/bin/../lib/gcc/arm-none-eabi/13.3.1/../../../../arm-none-eabi/lib/thumb/v7e-m+fp/hard/libc_nano.a(libc_a-errno.o)
                              ./Core/Src/syscalls.o (__errno)
/Applications/STM32CubeIDE.app/Contents/Eclipse/plugins/com.st.stm32cube.ide.mcu.externaltools.gnu-tools-for-stm32.13.3.rel1.macos64_1.0.0.202411102158/tools/bin/../lib/gcc/arm-none-eabi/13.3.1/../../../../arm-none-eabi/lib/thumb/v7e-m+fp/hard/libc_nano.a(libc_a-init.o)
                              /Applications/STM32CubeIDE.app/Contents/Eclipse/plugins/com.st.stm32cube.ide.mcu.externaltools.gnu-tools-for-stm32.13.3.rel1.macos64_1.0.0.202411102158/tools/bin/../lib/gcc/arm-none-eabi/13.3.1/../../../../arm-none-eabi/lib/thumb/v7e-m+fp/hard/crt0.o (__libc_init_array)
/Applications/STM32CubeIDE.app/Contents/Eclipse/plugins/com.st.stm32cube.ide.mcu.externaltools.gnu-tools-for-stm32.13.3.rel1.macos64_1.0.0.202411102158/tools/bin/../lib/gcc/arm-none-eabi/13.3.1/../../../../arm-none-eabi/lib/thumb/v7e-m+fp/hard/libc_nano.a(libc_a-lock.o)
                              /Applications/STM32CubeIDE.app/Contents/Eclipse/plugins/com.st.stm32cube.ide.mcu.externaltools.gnu-tools-for-stm32.13.3.rel1.macos64_1.0.0.202411102158/tools/bin/../lib/gcc/arm-none-eabi/13.3.1/../../../../arm-none-eabi/lib/thumb/v7e-m+fp/hard/libc_nano.a(libc_a-findfp.o) (__retarget_lock_init_recursive)
/Applications/STM32CubeIDE.app/Contents/Eclipse/plugins/com.st.stm32cube.ide.mcu.externaltools.gnu-tools-for-stm32.13.3.rel1.macos64_1.0.0.202411102158/tools/bin/../lib/gcc/arm-none-eabi/13.3.1/../../../../arm-none-eabi/lib/thumb/v7e-m+fp/hard/libc_nano.a(libc_a-impure.o)
                              /Applications/STM32CubeIDE.app/Contents/Eclipse/plugins/com.st.stm32cube.ide.mcu.externaltools.gnu-tools-for-stm32.13.3.rel1.macos64_1.0.0.202411102158/tools/bin/../lib/gcc/arm-none-eabi/13.3.1/../../../../arm-none-eabi/lib/thumb/v7e-m+fp/hard/libc_nano.a(libc_a-errno.o) (_impure_ptr)
/Applications/STM32CubeIDE.app/Contents/Eclipse/plugins/com.st.stm32cube.ide.mcu.externaltools.gnu-tools-for-stm32.13.3.rel1.macos64_1.0.0.202411102158/tools/bin/../lib/gcc/arm-none-eabi/13.3.1/../../../../arm-none-eabi/lib/thumb/v7e-m+fp/hard/libc_nano.a(libc_a-mallocr.o)
[...]
Memory Configuration

Name             Origin             Length             Attributes
RAM              0x20000000         0x00018000         xrw
RAM2             0x10000000         0x00008000         xrw
FLASH            0x08000000         0x00100000         xr
*default*        0x00000000         0xffffffff

Linker script and memory map

LOAD /Applications/STM32CubeIDE.app/Contents/Eclipse/plugins/com.st.stm32cube.ide.mcu.externaltools.gnu-tools-for-stm32.13.3.rel1.macos64_1.0.0.202411102158/tools/bin/../lib/gcc/arm-none-eabi/13.3.1/thumb/v7e-m+fp/hard/crti.o
LOAD /Applications/STM32CubeIDE.app/Contents/Eclipse/plugins/com.st.stm32cube.ide.mcu.externaltools.gnu-tools-for-stm32.13.3.rel1.macos64_1.0.0.202411102158/tools/bin/../lib/gcc/arm-none-eabi/13.3.1/thumb/v7e-m+fp/hard/crtbegin.o
LOAD /Applications/STM32CubeIDE.app/Contents/Eclipse/plugins/com.st.stm32cube.ide.mcu.externaltools.gnu-tools-for-stm32.13.3.rel1.macos64_1.0.0.202411102158/tools/bin/../lib/gcc/arm-none-eabi/13.3.1/../../../../arm-none-eabi/lib/thumb/v7e-m+fp/hard/crt0.o
LOAD ./Core/Src/main.o
LOAD ./Core/Src/stm32l4xx_hal_msp.o
LOAD ./Core/Src/stm32l4xx_it.o
LOAD ./Core/Src/syscalls.o
LOAD ./Core/Src/sysmem.o
LOAD ./Core/Src/system_stm32l4xx.o
LOAD ./Core/Startup/startup_stm32l476rgtx.o
LOAD ./Drivers/STM32L4xx_HAL_Driver/Src/stm32l4xx_hal.o
LOAD ./Drivers/STM32L4xx_HAL_Driver/Src/stm32l4xx_hal_cortex.o
LOAD ./Drivers/STM32L4xx_HAL_Driver/Src/stm32l4xx_hal_dfsdm.o
LOAD ./Drivers/STM32L4xx_HAL_Driver/Src/stm32l4xx_hal_dma.o
LOAD ./Drivers/STM32L4xx_HAL_Driver/Src/stm32l4xx_hal_dma_ex.o
LOAD ./Drivers/STM32L4xx_HAL_Driver/Src/stm32l4xx_hal_exti.o
LOAD ./Drivers/STM32L4xx_HAL_Driver/Src/stm32l4xx_hal_flash.o
LOAD ./Drivers/STM32L4xx_HAL_Driver/Src/stm32l4xx_hal_flash_ex.o
LOAD ./Drivers/STM32L4xx_HAL_Driver/Src/stm32l4xx_hal_flash_ramfunc.o
LOAD ./Drivers/STM32L4xx_HAL_Driver/Src/stm32l4xx_hal_gpio.o
LOAD ./Drivers/STM32L4xx_HAL_Driver/Src/stm32l4xx_hal_i2c.o
LOAD ./Drivers/STM32L4xx_HAL_Driver/Src/stm32l4xx_hal_i2c_ex.o
LOAD ./Drivers/STM32L4xx_HAL_Driver/Src/stm32l4xx_hal_pcd.o
LOAD ./Drivers/STM32L4xx_HAL_Driver/Src/stm32l4xx_hal_pcd_ex.o
LOAD ./Drivers/STM32L4xx_HAL_Driver/Src/stm32l4xx_hal_pwr.o
LOAD ./Drivers/STM32L4xx_HAL_Driver/Src/stm32l4xx_hal_pwr_ex.o
LOAD ./Drivers/STM32L4xx_HAL_Driver/Src/stm32l4xx_hal_rcc.o
LOAD ./Drivers/STM32L4xx_HAL_Driver/Src/stm32l4xx_hal_rcc_ex.o
LOAD ./Drivers/STM32L4xx_HAL_Driver/Src/stm32l4xx_hal_uart.o
LOAD ./Drivers/STM32L4xx_HAL_Driver/Src/stm32l4xx_hal_uart_ex.o
LOAD ./Drivers/STM32L4xx_HAL_Driver/Src/stm32l4xx_ll_usb.o
LOAD ./Middlewares/ST/STM32_USB_Device_Library/Class/CDC/Src/usbd_cdc.o
LOAD ./Middlewares/ST/STM32_USB_Device_Library/Core/Src/usbd_core.o
LOAD ./Middlewares/ST/STM32_USB_Device_Library/Core/Src/usbd_ctlreq.o
LOAD ./Middlewares/ST/STM32_USB_Device_Library/Core/Src/usbd_ioreq.o
LOAD ./USB_DEVICE/App/usb_device.o
LOAD ./USB_DEVICE/App/usbd_cdc_if.o
LOAD ./USB_DEVICE/App/usbd_desc.o
LOAD ./USB_DEVICE/Target/usbd_conf.o
START GROUP
LOAD /Applications/STM32CubeIDE.app/Contents/Eclipse/plugins/com.st.stm32cube.ide.mcu.externaltools.gnu-tools-for-stm32.13.3.rel1.macos64_1.0.0.202411102158/tools/bin/../lib/gcc/arm-none-eabi/13.3.1/../../../../arm-none-eabi/lib/thumb/v7e-m+fp/hard/libc_nano.a
LOAD /Applications/STM32CubeIDE.app/Contents/Eclipse/plugins/com.st.stm32cube.ide.mcu.externaltools.gnu-tools-for-stm32.13.3.rel1.macos64_1.0.0.202411102158/tools/bin/../lib/gcc/arm-none-eabi/13.3.1/../../../../arm-none-eabi/lib/thumb/v7e-m+fp/hard/libm.a
END GROUP
START GROUP
LOAD /Applications/STM32CubeIDE.app/Contents/Eclipse/plugins/com.st.stm32cube.ide.mcu.externaltools.gnu-tools-for-stm32.13.3.rel1.macos64_1.0.0.202411102158/tools/bin/../lib/gcc/arm-none-eabi/13.3.1/thumb/v7e-m+fp/hard/libgcc.a
LOAD /Applications/STM32CubeIDE.app/Contents/Eclipse/plugins/com.st.stm32cube.ide.mcu.externaltools.gnu-tools-for-stm32.13.3.rel1.macos64_1.0.0.202411102158/tools/bin/../lib/gcc/arm-none-eabi/13.3.1/../../../../arm-none-eabi/lib/thumb/v7e-m+fp/hard/libc_nano.a
END GROUP
START GROUP
LOAD /Applications/STM32CubeIDE.app/Contents/Eclipse/plugins/com.st.stm32cube.ide.mcu.externaltools.gnu-tools-for-stm32.13.3.rel1.macos64_1.0.0.202411102158/tools/bin/../lib/gcc/arm-none-eabi/13.3.1/thumb/v7e-m+fp/hard/libgcc.a
LOAD /Applications/STM32CubeIDE.app/Contents/Eclipse/plugins/com.st.stm32cube.ide.mcu.externaltools.gnu-tools-for-stm32.13.3.rel1.macos64_1.0.0.202411102158/tools/bin/../lib/gcc/arm-none-eabi/13.3.1/../../../../arm-none-eabi/lib/thumb/v7e-m+fp/hard/libc_nano.a
LOAD /Applications/STM32CubeIDE.app/Contents/Eclipse/plugins/com.st.stm32cube.ide.mcu.externaltools.gnu-tools-for-stm32.13.3.rel1.macos64_1.0.0.202411102158/tools/bin/../lib/gcc/arm-none-eabi/13.3.1/../../../../arm-none-eabi/lib/thumb/v7e-m+fp/hard/libnosys.a
END GROUP
START GROUP
LOAD /Applications/STM32CubeIDE.app/Contents/Eclipse/plugins/com.st.stm32cube.ide.mcu.externaltools.gnu-tools-for-stm32.13.3.rel1.macos64_1.0.0.202411102158/tools/bin/../lib/gcc/arm-none-eabi/13.3.1/thumb/v7e-m+fp/hard/libgcc.a
LOAD /Applications/STM32CubeIDE.app/Contents/Eclipse/plugins/com.st.stm32cube.ide.mcu.externaltools.gnu-tools-for-stm32.13.3.rel1.macos64_1.0.0.202411102158/tools/bin/../lib/gcc/arm-none-eabi/13.3.1/../../../../arm-none-eabi/lib/thumb/v7e-m+fp/hard/libc_nano.a
LOAD /Applications/STM32CubeIDE.app/Contents/Eclipse/plugins/com.st.stm32cube.ide.mcu.externaltools.gnu-tools-for-stm32.13.3.rel1.macos64_1.0.0.202411102158/tools/bin/../lib/gcc/arm-none-eabi/13.3.1/../../../../arm-none-eabi/lib/thumb/v7e-m+fp/hard/libnosys.a
END GROUP
LOAD /Applications/STM32CubeIDE.app/Contents/Eclipse/plugins/com.st.stm32cube.ide.mcu.externaltools.gnu-tools-for-stm32.13.3.rel1.macos64_1.0.0.202411102158/tools/bin/../lib/gcc/arm-none-eabi/13.3.1/thumb/v7e-m+fp/hard/crtend.o
LOAD /Applications/STM32CubeIDE.app/Contents/Eclipse/plugins/com.st.stm32cube.ide.mcu.externaltools.gnu-tools-for-stm32.13.3.rel1.macos64_1.0.0.202411102158/tools/bin/../lib/gcc/arm-none-eabi/13.3.1/thumb/v7e-m+fp/hard/crtn.o
                0x20018000                        _estack = (ORIGIN (RAM) + LENGTH (RAM))
                0x00000200                        _Min_Heap_Size = 0x200
                0x00000400                        _Min_Stack_Size = 0x400

.isr_vector     0x08000000      0x188
                0x08000000                        . = ALIGN (0x4)
 *(.isr_vector)
 .isr_vector    0x08000000      0x188 ./Core/Startup/startup_stm32l476rgtx.o
                0x08000000                g_pfnVectors
                0x08000188                        . = ALIGN (0x4)

.text           0x08000188     0x9a40
                0x08000188                        . = ALIGN (0x4)
 *(.text)
 .text          0x08000188       0x40 /Applications/STM32CubeIDE.app/Contents/Eclipse/plugins/com.st.stm32cube.ide.mcu.externaltools.gnu-tools-for-stm32.13.3.rel1.macos64_1.0.0.202411102158/tools/bin/../lib/gcc/arm-none-eabi/13.3.1/thumb/v7e-m+fp/hard/crtbegin.o
 .text          0x080001c8       0x30 /Applications/STM32CubeIDE.app/Contents/Eclipse/plugins/com.st.stm32cube.ide.mcu.externaltools.gnu-tools-for-stm32.13.3.rel1.macos64_1.0.0.202411102158/tools/bin/../lib/gcc/arm-none-eabi/13.3.1/thumb/v7e-m+fp/hard/libgcc.a(_aeabi_uldivmod.o)
                0x080001c8                __aeabi_uldivmod
 .text          0x080001f8      0x2f8 /Applications/STM32CubeIDE.app/Contents/Eclipse/plugins/com.st.stm32cube.ide.mcu.externaltools.gnu-tools-for-stm32.13.3.rel1.macos64_1.0.0.202411102158/tools/bin/../lib/gcc/arm-none-eabi/13.3.1/thumb/v7e-m+fp/hard/libgcc.a(_udivmoddi4.o)
                0x080001f8                __udivmoddi4
 .text          0x080004f0        0x4 /Applications/STM32CubeIDE.app/Contents/Eclipse/plugins/com.st.stm32cube.ide.mcu.externaltools.gnu-tools-for-stm32.13.3.rel1.macos64_1.0.0.202411102158/tools/bin/../lib/gcc/arm-none-eabi/13.3.1/thumb/v7e-m+fp/hard/libgcc.a(_dvmd_tls.o)
                0x080004f0                __aeabi_ldiv0
                0x080004f0                __aeabi_idiv0
 *(.text*)
 .text.main     0x080004f4      0x26c ./Core/Src/main.o
                0x080004f4                main
 .text.SystemClock_Config
                0x08000760       0xc4 ./Core/Src/main.o
                0x08000760                SystemClock_Config
 .text.MX_DFSDM1_Init
                0x08000824       0xc8 ./Core/Src/main.o
 .text.MX_USART2_UART_Init
                0x080008ec       0x60 ./Core/Src/main.o
 .text.MX_DMA_Init
                0x0800094c       0x3c ./Core/Src/main.o
 .text.MX_GPIO_Init
                0x08000988       0xcc ./Core/Src/main.o
 .text.HAL_DFSDM_FilterRegConvHalfCpltCallback
                0x08000a54       0x30 ./Core/Src/main.o
                0x08000a54                HAL_DFSDM_FilterRegConvHalfCpltCallback
 .text.HAL_DFSDM_FilterRegConvCpltCallback
                0x08000a84       0x30 ./Core/Src/main.o
                0x08000a84                HAL_DFSDM_FilterRegConvCpltCallback
 .text.Error_Handler
                0x08000ab4        0xc ./Core/Src/main.o
                0x08000ab4                Error_Handler
 .text.HAL_MspInit
                0x08000ac0       0x48 ./Core/Src/stm32l4xx_hal_msp.o
                0x08000ac0                HAL_MspInit
 .text.HAL_DFSDM_FilterMspInit
                0x08000b08      0x1ac ./Core/Src/stm32l4xx_hal_msp.o
                0x08000b08                HAL_DFSDM_FilterMspInit
 .text.HAL_DFSDM_ChannelMspInit
                0x08000cb4      0x124 ./Core/Src/stm32l4xx_hal_msp.o
                0x08000cb4                HAL_DFSDM_ChannelMspInit
 .text.HAL_UART_MspInit
                0x08000dd8       0xb8 ./Core/Src/stm32l4xx_hal_msp.o
                0x08000dd8                HAL_UART_MspInit
 .text.NMI_Handler
                0x08000e90        0x8 ./Core/Src/stm32l4xx_it.o
                0x08000e90                NMI_Handler
 .text.HardFault_Handler
                0x08000e98        0x8 ./Core/Src/stm32l4xx_it.o
                0x08000e98                HardFault_Handler
 .text.MemManage_Handler
                0x08000ea0        0x8 ./Core/Src/stm32l4xx_it.o
                0x08000ea0                MemManage_Handler
 .text.BusFault_Handler
                0x08000ea8        0x8 ./Core/Src/stm32l4xx_it.o
                0x08000ea8                BusFault_Handler
 .text.UsageFault_Handler
                0x08000eb0        0x8 ./Core/Src/stm32l4xx_it.o
                0x08000eb0                UsageFault_Handler
 .text.SVC_Handler
                0x08000eb8        0xe ./Core/Src/stm32l4xx_it.o
                0x08000eb8                SVC_Handler
 .text.DebugMon_Handler
                0x08000ec6        0xe ./Core/Src/stm32l4xx_it.o
                0x08000ec6                DebugMon_Handler
 .text.PendSV_Handler
                0x08000ed4        0xe ./Core/Src/stm32l4xx_it.o
                0x08000ed4                PendSV_Handler
 .text.SysTick_Handler
                0x08000ee2        0xc ./Core/Src/stm32l4xx_it.o
                0x08000ee2                SysTick_Handler
 *fill*         0x08000eee        0x2 
 .text.DMA1_Channel4_IRQHandler
                0x08000ef0       0x14 ./Core/Src/stm32l4xx_it.o
                0x08000ef0                DMA1_Channel4_IRQHandler
 .text.DFSDM1_FLT0_IRQHandler
                0x08000f04       0x14 ./Core/Src/stm32l4xx_it.o
                0x08000f04                DFSDM1_FLT0_IRQHandler
 .text.OTG_FS_IRQHandler
                0x08000f18       0x14 ./Core/Src/stm32l4xx_it.o
                0x08000f18                OTG_FS_IRQHandler
 .text.SystemInit
                0x08000f2c       0x24 ./Core/Src/system_stm32l4xx.o
                0x08000f2c                SystemInit
 .text.Reset_Handler
                0x08000f50       0x50 ./Core/Startup/startup_stm32l476rgtx.o
                0x08000f50                Reset_Handler
 .text.Default_Handler
                0x08000fa0        0x2 ./Core/Startup/startup_stm32l476rgtx.o
                0x08000fa0                TIM1_BRK_TIM15_IRQHandler
                0x08000fa0                EXTI2_IRQHandler
                0x08000fa0                TIM8_TRG_COM_IRQHandler
                0x08000fa0                TIM8_CC_IRQHandler
                0x08000fa0                TIM1_CC_IRQHandler
                0x08000fa0                TSC_IRQHandler
                0x08000fa0                TAMP_STAMP_IRQHandler
                0x08000fa0                EXTI3_IRQHandler
                0x08000fa0                LPTIM2_IRQHandler
                0x08000fa0                DFSDM1_FLT1_IRQHandler
                0x08000fa0                I2C3_ER_IRQHandler
                0x08000fa0                DFSDM1_FLT2_IRQHandler
                0x08000fa0                EXTI0_IRQHandler
                0x08000fa0                I2C2_EV_IRQHandler
                0x08000fa0                CAN1_RX0_IRQHandler
                0x08000fa0                FPU_IRQHandler
                0x08000fa0                TIM1_UP_TIM16_IRQHandler
                0x08000fa0                ADC1_2_IRQHandler
                0x08000fa0                SPI1_IRQHandler
                0x08000fa0                TIM6_DAC_IRQHandler
                0x08000fa0                TIM8_UP_IRQHandler
                0x08000fa0                DMA2_Channel2_IRQHandler
                0x08000fa0                SAI2_IRQHandler
                0x08000fa0                DFSDM1_FLT3_IRQHandler
                0x08000fa0                USART3_IRQHandler
                0x08000fa0                DMA1_Channel7_IRQHandler
                0x08000fa0                CAN1_RX1_IRQHandler
                0x08000fa0                LCD_IRQHandler
                0x08000fa0                UART5_IRQHandler
                0x08000fa0                ADC3_IRQHandler
                0x08000fa0                TIM4_IRQHandler
                0x08000fa0                DMA2_Channel1_IRQHandler
                0x08000fa0                QUADSPI_IRQHandler
                0x08000fa0                I2C1_EV_IRQHandler
                0x08000fa0                DMA1_Channel6_IRQHandler
                0x08000fa0                UART4_IRQHandler
                0x08000fa0                DMA2_Channel4_IRQHandler
                0x08000fa0                TIM3_IRQHandler
                0x08000fa0                RCC_IRQHandler
                0x08000fa0                DMA1_Channel1_IRQHandler
                0x08000fa0                Default_Handler
                0x08000fa0                DMA2_Channel7_IRQHandler
                0x08000fa0                EXTI15_10_IRQHandler
                0x08000fa0                TIM7_IRQHandler
                0x08000fa0                SDMMC1_IRQHandler
                0x08000fa0                TIM5_IRQHandler
                0x08000fa0                I2C3_EV_IRQHandler
                0x08000fa0                EXTI9_5_IRQHandler
                0x08000fa0                RTC_WKUP_IRQHandler
                0x08000fa0                PVD_PVM_IRQHandler
                0x08000fa0                SPI2_IRQHandler
                0x08000fa0                CAN1_TX_IRQHandler
                0x08000fa0                DMA2_Channel5_IRQHandler
                0x08000fa0                DMA1_Channel5_IRQHandler
                0x08000fa0                EXTI4_IRQHandler
                0x08000fa0                RNG_IRQHandler
                0x08000fa0                TIM1_TRG_COM_TIM17_IRQHandler
                0x08000fa0                DMA1_Channel3_IRQHandler
                0x08000fa0                COMP_IRQHandler
                0x08000fa0                WWDG_IRQHandler
                0x08000fa0                LPUART1_IRQHandler
                0x08000fa0                DMA2_Channel6_IRQHandler
                0x08000fa0                TIM2_IRQHandler
                0x08000fa0                EXTI1_IRQHandler
                0x08000fa0                USART2_IRQHandler
                0x08000fa0                I2C2_ER_IRQHandler
                0x08000fa0                DMA1_Channel2_IRQHandler
                0x08000fa0                TIM8_BRK_IRQHandler
                0x08000fa0                CAN1_SCE_IRQHandler
                0x08000fa0                FLASH_IRQHandler
                0x08000fa0                USART1_IRQHandler
                0x08000fa0                SPI3_IRQHandler
                0x08000fa0                I2C1_ER_IRQHandler
                0x08000fa0                FMC_IRQHandler
                0x08000fa0                SWPMI1_IRQHandler
                0x08000fa0                LPTIM1_IRQHandler
                0x08000fa0                SAI1_IRQHandler
                0x08000fa0                DMA2_Channel3_IRQHandler
                0x08000fa0                RTC_Alarm_IRQHandler
 *fill*         0x08000fa2        0x2 
 .text.HAL_Init
                0x08000fa4       0x40 ./Drivers/STM32L4xx_HAL_Driver/Src/stm32l4xx_hal.o
                0x08000fa4                HAL_Init
 .text.HAL_InitTick
                0x08000fe4       0x78 ./Drivers/STM32L4xx_HAL_Driver/Src/stm32l4xx_hal.o
                0x08000fe4                HAL_InitTick
 .text.HAL_IncTick
                0x0800105c       0x28 ./Drivers/STM32L4xx_HAL_Driver/Src/stm32l4xx_hal.o
                0x0800105c                HAL_IncTick
 .text.HAL_GetTick
                0x08001084       0x18 ./Drivers/STM32L4xx_HAL_Driver/Src/stm32l4xx_hal.o
                0x08001084                HAL_GetTick
 .text.HAL_Delay
                0x0800109c       0x48 ./Drivers/STM32L4xx_HAL_Driver/Src/stm32l4xx_hal.o
                0x0800109c                HAL_Delay
 .text.__NVIC_SetPriorityGrouping
                0x080010e4       0x48 ./Drivers/STM32L4xx_HAL_Driver/Src/stm32l4xx_hal_cortex.o
 .text.__NVIC_GetPriorityGrouping
                0x0800112c       0x1c ./Drivers/STM32L4xx_HAL_Driver/Src/stm32l4xx_hal_cortex.o
 .text.__NVIC_EnableIRQ
                0x08001148       0x3c ./Drivers/STM32L4xx_HAL_Driver/Src/stm32l4xx_hal_cortex.o
 .text.__NVIC_SetPriority
                0x08001184       0x54 ./Drivers/STM32L4xx_HAL_Driver/Src/stm32l4xx_hal_cortex.o
 .text.NVIC_EncodePriority
                0x080011d8       0x66 ./Drivers/STM32L4xx_HAL_Driver/Src/stm32l4xx_hal_cortex.o
 *fill*         0x0800123e        0x2 
 .text.SysTick_Config
                0x08001240       0x44 ./Drivers/STM32L4xx_HAL_Driver/Src/stm32l4xx_hal_cortex.o
 .text.HAL_NVIC_SetPriorityGrouping
                0x08001284       0x16 ./Drivers/STM32L4xx_HAL_Driver/Src/stm32l4xx_hal_cortex.o
                0x08001284                HAL_NVIC_SetPriorityGrouping
 .text.HAL_NVIC_SetPriority
                0x0800129a       0x38 ./Drivers/STM32L4xx_HAL_Driver/Src/stm32l4xx_hal_cortex.o
                0x0800129a                HAL_NVIC_SetPriority
 .text.HAL_NVIC_EnableIRQ
                0x080012d2       0x1c ./Drivers/STM32L4xx_HAL_Driver/Src/stm32l4xx_hal_cortex.o
                0x080012d2                HAL_NVIC_EnableIRQ
 .text.HAL_SYSTICK_Config
                0x080012ee       0x18 ./Drivers/STM32L4xx_HAL_Driver/Src/stm32l4xx_hal_cortex.o
                0x080012ee                HAL_SYSTICK_Config
 *fill*         0x08001306        0x2 
 .text.HAL_DFSDM_ChannelInit
                0x08001308      0x180 ./Drivers/STM32L4xx_HAL_Driver/Src/stm32l4xx_hal_dfsdm.o
                0x08001308                HAL_DFSDM_ChannelInit
 .text.HAL_DFSDM_ChannelCkabCallback
                0x08001488       0x14 ./Drivers/STM32L4xx_HAL_Driver/Src/stm32l4xx_hal_dfsdm.o
                0x08001488                HAL_DFSDM_ChannelCkabCallback
 .text.HAL_DFSDM_ChannelScdCallback
                0x0800149c       0x14 ./Drivers/STM32L4xx_HAL_Driver/Src/stm32l4xx_hal_dfsdm.o
                0x0800149c                HAL_DFSDM_ChannelScdCallback
 .text.HAL_DFSDM_FilterInit
                0x080014b0      0x1b4 ./Drivers/STM32L4xx_HAL_Driver/Src/stm32l4xx_hal_dfsdm.o
                0x080014b0                HAL_DFSDM_FilterInit
 .text.HAL_DFSDM_FilterConfigRegChannel
                0x08001664       0x8a ./Drivers/STM32L4xx_HAL_Driver/Src/stm32l4xx_hal_dfsdm.o
                0x08001664                HAL_DFSDM_FilterConfigRegChannel
 *fill*         0x080016ee        0x2 
 .text.HAL_DFSDM_FilterRegularStart_DMA
                0x080016f0      0x104 ./Drivers/STM32L4xx_HAL_Driver/Src/stm32l4xx_hal_dfsdm.o
                0x080016f0                HAL_DFSDM_FilterRegularStart_DMA
 .text.HAL_DFSDM_IRQHandler
                0x080017f4      0x2c8 ./Drivers/STM32L4xx_HAL_Driver/Src/stm32l4xx_hal_dfsdm.o
                0x080017f4                HAL_DFSDM_IRQHandler
 .text.HAL_DFSDM_FilterInjConvCpltCallback
                0x08001abc       0x14 ./Drivers/STM32L4xx_HAL_Driver/Src/stm32l4xx_hal_dfsdm.o
                0x08001abc                HAL_DFSDM_FilterInjConvCpltCallback
 .text.HAL_DFSDM_FilterAwdCallback
                0x08001ad0       0x18 ./Drivers/STM32L4xx_HAL_Driver/Src/stm32l4xx_hal_dfsdm.o
                0x08001ad0                HAL_DFSDM_FilterAwdCallback
 .text.HAL_DFSDM_FilterErrorCallback
                0x08001ae8       0x14 ./Drivers/STM32L4xx_HAL_Driver/Src/stm32l4xx_hal_dfsdm.o
                0x08001ae8                HAL_DFSDM_FilterErrorCallback
 .text.DFSDM_DMARegularHalfConvCplt
                0x08001afc       0x1c ./Drivers/STM32L4xx_HAL_Driver/Src/stm32l4xx_hal_dfsdm.o
 .text.DFSDM_DMARegularConvCplt
                0x08001b18       0x1c ./Drivers/STM32L4xx_HAL_Driver/Src/stm32l4xx_hal_dfsdm.o
 .text.DFSDM_DMAError
                0x08001b34       0x22 ./Drivers/STM32L4xx_HAL_Driver/Src/stm32l4xx_hal_dfsdm.o
 *fill*         0x08001b56        0x2 
 .text.DFSDM_GetChannelFromInstance
                0x08001b58       0x98 ./Drivers/STM32L4xx_HAL_Driver/Src/stm32l4xx_hal_dfsdm.o
 .text.DFSDM_RegConvStart
                0x08001bf0       0xac ./Drivers/STM32L4xx_HAL_Driver/Src/stm32l4xx_hal_dfsdm.o
 .text.HAL_DMA_Init
                0x08001c9c      0x170 ./Drivers/STM32L4xx_HAL_Driver/Src/stm32l4xx_hal_dma.o
                0x08001c9c                HAL_DMA_Init
 .text.HAL_DMA_Start_IT
                0x08001e0c       0xc6 ./Drivers/STM32L4xx_HAL_Driver/Src/stm32l4xx_hal_dma.o
                0x08001e0c                HAL_DMA_Start_IT
 *fill*         0x08001ed2        0x2 
 .text.HAL_DMA_IRQHandler
                0x08001ed4      0x18c ./Drivers/STM32L4xx_HAL_Driver/Src/stm32l4xx_hal_dma.o
                0x08001ed4                HAL_DMA_IRQHandler
 .text.DMA_SetConfig
                0x08002060       0x60 ./Drivers/STM32L4xx_HAL_Driver/Src/stm32l4xx_hal_dma.o
 .text.HAL_GPIO_Init
                0x080020c0      0x354 ./Drivers/STM32L4xx_HAL_Driver/Src/stm32l4xx_hal_gpio.o
                0x080020c0                HAL_GPIO_Init
 .text.HAL_GPIO_WritePin
                0x08002414       0x30 ./Drivers/STM32L4xx_HAL_Driver/Src/stm32l4xx_hal_gpio.o
                0x08002414                HAL_GPIO_WritePin
 .text.HAL_GPIO_TogglePin
                0x08002444       0x34 ./Drivers/STM32L4xx_HAL_Driver/Src/stm32l4xx_hal_gpio.o
                0x08002444                HAL_GPIO_TogglePin
 .text.HAL_PCD_Init
                0x08002478      0x21e ./Drivers/STM32L4xx_HAL_Driver/Src/stm32l4xx_hal_pcd.o
                0x08002478                HAL_PCD_Init
 .text.HAL_PCD_Start
                0x08002696       0x5e ./Drivers/STM32L4xx_HAL_Driver/Src/stm32l4xx_hal_pcd.o
                0x08002696                HAL_PCD_Start
 .text.HAL_PCD_IRQHandler
                0x080026f4      0x960 ./Drivers/STM32L4xx_HAL_Driver/Src/stm32l4xx_hal_pcd.o
                0x080026f4                HAL_PCD_IRQHandler
 .text.HAL_PCD_SetAddress
                0x08003054       0x48 ./Drivers/STM32L4xx_HAL_Driver/Src/stm32l4xx_hal_pcd.o
                0x08003054                HAL_PCD_SetAddress
 .text.HAL_PCD_EP_Open
                0x0800309c       0xd4 ./Drivers/STM32L4xx_HAL_Driver/Src/stm32l4xx_hal_pcd.o
                0x0800309c                HAL_PCD_EP_Open
 .text.HAL_PCD_EP_Close
                0x08003170       0x94 ./Drivers/STM32L4xx_HAL_Driver/Src/stm32l4xx_hal_pcd.o
                0x08003170                HAL_PCD_EP_Close
 .text.HAL_PCD_EP_Receive
                0x08003204       0x64 ./Drivers/STM32L4xx_HAL_Driver/Src/stm32l4xx_hal_pcd.o
                0x08003204                HAL_PCD_EP_Receive
 .text.HAL_PCD_EP_GetRxCount
                0x08003268       0x30 ./Drivers/STM32L4xx_HAL_Driver/Src/stm32l4xx_hal_pcd.o
                0x08003268                HAL_PCD_EP_GetRxCount
 .text.HAL_PCD_EP_Transmit
                0x08003298       0x62 ./Drivers/STM32L4xx_HAL_Driver/Src/stm32l4xx_hal_pcd.o
                0x08003298                HAL_PCD_EP_Transmit
 .text.HAL_PCD_EP_SetStall
                0x080032fa       0xc4 ./Drivers/STM32L4xx_HAL_Driver/Src/stm32l4xx_hal_pcd.o
                0x080032fa                HAL_PCD_EP_SetStall
 .text.HAL_PCD_EP_ClrStall
                0x080033be       0xac ./Drivers/STM32L4xx_HAL_Driver/Src/stm32l4xx_hal_pcd.o
                0x080033be                HAL_PCD_EP_ClrStall
 .text.HAL_PCD_EP_Abort
                0x0800346a       0x62 ./Drivers/STM32L4xx_HAL_Driver/Src/stm32l4xx_hal_pcd.o
                0x0800346a                HAL_PCD_EP_Abort
 .text.PCD_WriteEmptyTxFifo
                0x080034cc      0x110 ./Drivers/STM32L4xx_HAL_Driver/Src/stm32l4xx_hal_pcd.o
 .text.PCD_EP_OutXfrComplete_int
                0x080035dc       0x9c ./Drivers/STM32L4xx_HAL_Driver/Src/stm32l4xx_hal_pcd.o
 .text.PCD_EP_OutSetupPacket_int
                0x08003678       0x68 ./Drivers/STM32L4xx_HAL_Driver/Src/stm32l4xx_hal_pcd.o
 .text.HAL_PCDEx_SetTxFiFo
                0x080036e0       0x8e ./Drivers/STM32L4xx_HAL_Driver/Src/stm32l4xx_hal_pcd_ex.o
                0x080036e0                HAL_PCDEx_SetTxFiFo
 .text.HAL_PCDEx_SetRxFiFo
                0x0800376e       0x22 ./Drivers/STM32L4xx_HAL_Driver/Src/stm32l4xx_hal_pcd_ex.o
                0x0800376e                HAL_PCDEx_SetRxFiFo
 .text.HAL_PCDEx_ActivateLPM
                0x08003790       0x48 ./Drivers/STM32L4xx_HAL_Driver/Src/stm32l4xx_hal_pcd_ex.o
                0x08003790                HAL_PCDEx_ActivateLPM
 .text.HAL_PWR_EnableBkUpAccess
                0x080037d8       0x20 ./Drivers/STM32L4xx_HAL_Driver/Src/stm32l4xx_hal_pwr.o
                0x080037d8                HAL_PWR_EnableBkUpAccess
 .text.HAL_PWREx_GetVoltageRange
                0x080037f8       0x1c ./Drivers/STM32L4xx_HAL_Driver/Src/stm32l4xx_hal_pwr_ex.o
                0x080037f8                HAL_PWREx_GetVoltageRange
 .text.HAL_PWREx_ControlVoltageScaling
                0x08003814       0xac ./Drivers/STM32L4xx_HAL_Driver/Src/stm32l4xx_hal_pwr_ex.o
                0x08003814                HAL_PWREx_ControlVoltageScaling
 .text.HAL_PWREx_EnableVddUSB
                0x080038c0       0x20 ./Drivers/STM32L4xx_HAL_Driver/Src/stm32l4xx_hal_pwr_ex.o
                0x080038c0                HAL_PWREx_EnableVddUSB
 .text.HAL_RCC_OscConfig
                0x080038e0      0x7b8 ./Drivers/STM32L4xx_HAL_Driver/Src/stm32l4xx_hal_rcc.o
                0x080038e0                HAL_RCC_OscConfig
 .text.HAL_RCC_ClockConfig
                0x08004098      0x200 ./Drivers/STM32L4xx_HAL_Driver/Src/stm32l4xx_hal_rcc.o
                0x08004098                HAL_RCC_ClockConfig
 .text.HAL_RCC_GetSysClockFreq
                0x08004298      0x118 ./Drivers/STM32L4xx_HAL_Driver/Src/stm32l4xx_hal_rcc.o
                0x08004298                HAL_RCC_GetSysClockFreq
 .text.HAL_RCC_GetHCLKFreq
                0x080043b0       0x18 ./Drivers/STM32L4xx_HAL_Driver/Src/stm32l4xx_hal_rcc.o
                0x080043b0                HAL_RCC_GetHCLKFreq
 .text.HAL_RCC_GetPCLK1Freq
                0x080043c8       0x2c ./Drivers/STM32L4xx_HAL_Driver/Src/stm32l4xx_hal_rcc.o
                0x080043c8                HAL_RCC_GetPCLK1Freq
 .text.HAL_RCC_GetPCLK2Freq
                0x080043f4       0x2c ./Drivers/STM32L4xx_HAL_Driver/Src/stm32l4xx_hal_rcc.o
                0x080043f4                HAL_RCC_GetPCLK2Freq
 .text.RCC_SetFlashLatencyFromMSIRange
                0x08004420       0xc0 ./Drivers/STM32L4xx_HAL_Driver/Src/stm32l4xx_hal_rcc.o
 .text.HAL_RCCEx_PeriphCLKConfig
                0x080044e0      0x5d4 ./Drivers/STM32L4xx_HAL_Driver/Src/stm32l4xx_hal_rcc_ex.o
                0x080044e0                HAL_RCCEx_PeriphCLKConfig
 .text.HAL_RCCEx_EnableMSIPLLMode
                0x08004ab4       0x20 ./Drivers/STM32L4xx_HAL_Driver/Src/stm32l4xx_hal_rcc_ex.o
                0x08004ab4                HAL_RCCEx_EnableMSIPLLMode
 .text.RCCEx_PLLSAI1_Config
                0x08004ad4      0x1e8 ./Drivers/STM32L4xx_HAL_Driver/Src/stm32l4xx_hal_rcc_ex.o
 .text.RCCEx_PLLSAI2_Config
                0x08004cbc      0x1bc ./Drivers/STM32L4xx_HAL_Driver/Src/stm32l4xx_hal_rcc_ex.o
 .text.HAL_UART_Init
                0x08004e78       0x9c ./Drivers/STM32L4xx_HAL_Driver/Src/stm32l4xx_hal_uart.o
                0x08004e78                HAL_UART_Init
 .text.UART_SetConfig
                0x08004f14      0x570 ./Drivers/STM32L4xx_HAL_Driver/Src/stm32l4xx_hal_uart.o
                0x08004f14                UART_SetConfig
 .text.UART_AdvFeatureConfig
                0x08005484      0x144 ./Drivers/STM32L4xx_HAL_Driver/Src/stm32l4xx_hal_uart.o
                0x08005484                UART_AdvFeatureConfig
 .text.UART_CheckIdleState
                0x080055c8      0x150 ./Drivers/STM32L4xx_HAL_Driver/Src/stm32l4xx_hal_uart.o
                0x080055c8                UART_CheckIdleState
 .text.UART_WaitOnFlagUntilTimeout
                0x08005718       0xda ./Drivers/STM32L4xx_HAL_Driver/Src/stm32l4xx_hal_uart.o
                0x08005718                UART_WaitOnFlagUntilTimeout
 .text.UART_EndRxTransfer
                0x080057f2       0xc8 ./Drivers/STM32L4xx_HAL_Driver/Src/stm32l4xx_hal_uart.o
 .text.USB_CoreInit
                0x080058ba       0x5a ./Drivers/STM32L4xx_HAL_Driver/Src/stm32l4xx_ll_usb.o
                0x080058ba                USB_CoreInit
 .text.USB_SetTurnaroundTime
                0x08005914      0x138 ./Drivers/STM32L4xx_HAL_Driver/Src/stm32l4xx_ll_usb.o
                0x08005914                USB_SetTurnaroundTime
 .text.USB_EnableGlobalInt
                0x08005a4c       0x22 ./Drivers/STM32L4xx_HAL_Driver/Src/stm32l4xx_ll_usb.o
                0x08005a4c                USB_EnableGlobalInt
 .text.USB_DisableGlobalInt
                0x08005a6e       0x22 ./Drivers/STM32L4xx_HAL_Driver/Src/stm32l4xx_ll_usb.o
                0x08005a6e                USB_DisableGlobalInt
 .text.USB_SetCurrentMode
                0x08005a90       0x98 ./Drivers/STM32L4xx_HAL_Driver/Src/stm32l4xx_ll_usb.o
                0x08005a90                USB_SetCurrentMode
 .text.USB_DevInit
                0x08005b28      0x290 ./Drivers/STM32L4xx_HAL_Driver/Src/stm32l4xx_ll_usb.o
                0x08005b28                USB_DevInit
 .text.USB_FlushTxFifo
                0x08005db8       0x64 ./Drivers/STM32L4xx_HAL_Driver/Src/stm32l4xx_ll_usb.o
                0x08005db8                USB_FlushTxFifo
 .text.USB_FlushRxFifo
                0x08005e1c       0x5c ./Drivers/STM32L4xx_HAL_Driver/Src/stm32l4xx_ll_usb.o
                0x08005e1c                USB_FlushRxFifo
 .text.USB_SetDevSpeed
                0x08005e78       0x32 ./Drivers/STM32L4xx_HAL_Driver/Src/stm32l4xx_ll_usb.o
                0x08005e78                USB_SetDevSpeed
 .text.USB_GetDevSpeed
                0x08005eaa       0x3e ./Drivers/STM32L4xx_HAL_Driver/Src/stm32l4xx_ll_usb.o
                0x08005eaa                USB_GetDevSpeed
 .text.USB_ActivateEndpoint
                0x08005ee8      0x10e ./Drivers/STM32L4xx_HAL_Driver/Src/stm32l4xx_ll_usb.o
                0x08005ee8                USB_ActivateEndpoint
 *fill*         0x08005ff6        0x2 
 .text.USB_DeactivateEndpoint
                0x08005ff8      0x1b8 ./Drivers/STM32L4xx_HAL_Driver/Src/stm32l4xx_ll_usb.o
                0x08005ff8                USB_DeactivateEndpoint
 .text.USB_EPStartXfer
                0x080061b0      0x470 ./Drivers/STM32L4xx_HAL_Driver/Src/stm32l4xx_ll_usb.o
                0x080061b0                USB_EPStartXfer
 .text.USB_EPStopXfer
                0x08006620      0x1fa ./Drivers/STM32L4xx_HAL_Driver/Src/stm32l4xx_ll_usb.o
                0x08006620                USB_EPStopXfer
 .text.USB_EPSetStall
                0x0800681a       0xdc ./Drivers/STM32L4xx_HAL_Driver/Src/stm32l4xx_ll_usb.o
                0x0800681a                USB_EPSetStall
 .text.USB_EPClearStall
                0x080068f6       0xcc ./Drivers/STM32L4xx_HAL_Driver/Src/stm32l4xx_ll_usb.o
                0x080068f6                USB_EPClearStall
 .text.USB_WritePacket
                0x080069c2       0x74 ./Drivers/STM32L4xx_HAL_Driver/Src/stm32l4xx_ll_usb.o
                0x080069c2                USB_WritePacket
 .text.USB_ReadPacket
                0x08006a36       0xb0 ./Drivers/STM32L4xx_HAL_Driver/Src/stm32l4xx_ll_usb.o
                0x08006a36                USB_ReadPacket
 .text.USB_SetDevAddress
                0x08006ae6       0x4c ./Drivers/STM32L4xx_HAL_Driver/Src/stm32l4xx_ll_usb.o
                0x08006ae6                USB_SetDevAddress
 .text.USB_DevConnect
                0x08006b32       0x42 ./Drivers/STM32L4xx_HAL_Driver/Src/stm32l4xx_ll_usb.o
                0x08006b32                USB_DevConnect
 .text.USB_DevDisconnect
                0x08006b74       0x42 ./Drivers/STM32L4xx_HAL_Driver/Src/stm32l4xx_ll_usb.o
                0x08006b74                USB_DevDisconnect
 .text.USB_ReadInterrupts
                0x08006bb6       0x26 ./Drivers/STM32L4xx_HAL_Driver/Src/stm32l4xx_ll_usb.o
                0x08006bb6                USB_ReadInterrupts
 .text.USB_ReadDevAllOutEpInterrupt
                0x08006bdc       0x34 ./Drivers/STM32L4xx_HAL_Driver/Src/stm32l4xx_ll_usb.o
                0x08006bdc                USB_ReadDevAllOutEpInterrupt
 .text.USB_ReadDevAllInEpInterrupt
                0x08006c10       0x34 ./Drivers/STM32L4xx_HAL_Driver/Src/stm32l4xx_ll_usb.o
                0x08006c10                USB_ReadDevAllInEpInterrupt
 .text.USB_ReadDevOutEPInterrupt
                0x08006c44       0x3c ./Drivers/STM32L4xx_HAL_Driver/Src/stm32l4xx_ll_usb.o
                0x08006c44                USB_ReadDevOutEPInterrupt
 .text.USB_ReadDevInEPInterrupt
                0x08006c80       0x5c ./Drivers/STM32L4xx_HAL_Driver/Src/stm32l4xx_ll_usb.o
                0x08006c80                USB_ReadDevInEPInterrupt
 .text.USB_GetMode
                0x08006cdc       0x1c ./Drivers/STM32L4xx_HAL_Driver/Src/stm32l4xx_ll_usb.o
                0x08006cdc                USB_GetMode
 .text.USB_ActivateSetup
                0x08006cf8       0x46 ./Drivers/STM32L4xx_HAL_Driver/Src/stm32l4xx_ll_usb.o
                0x08006cf8                USB_ActivateSetup
 *fill*         0x08006d3e        0x2 
 .text.USB_EP0_OutStart
                0x08006d40       0x90 ./Drivers/STM32L4xx_HAL_Driver/Src/stm32l4xx_ll_usb.o
                0x08006d40                USB_EP0_OutStart
 .text.USB_CoreReset
                0x08006dd0       0x70 ./Drivers/STM32L4xx_HAL_Driver/Src/stm32l4xx_ll_usb.o
 .text.USBD_CDC_Init
                0x08006e40      0x1f0 ./Middlewares/ST/STM32_USB_Device_Library/Class/CDC/Src/usbd_cdc.o
 .text.USBD_CDC_DeInit
                0x08007030      0x104 ./Middlewares/ST/STM32_USB_Device_Library/Class/CDC/Src/usbd_cdc.o
 .text.USBD_CDC_Setup
                0x08007134      0x1b8 ./Middlewares/ST/STM32_USB_Device_Library/Class/CDC/Src/usbd_cdc.o
 .text.USBD_CDC_DataIn
                0x080072ec       0xfe ./Middlewares/ST/STM32_USB_Device_Library/Class/CDC/Src/usbd_cdc.o
 .text.USBD_CDC_DataOut
                0x080073ea       0x70 ./Middlewares/ST/STM32_USB_Device_Library/Class/CDC/Src/usbd_cdc.o
 .text.USBD_CDC_EP0_RxReady
                0x0800745a       0x74 ./Middlewares/ST/STM32_USB_Device_Library/Class/CDC/Src/usbd_cdc.o
 *fill*         0x080074ce        0x2 
 .text.USBD_CDC_GetFSCfgDesc
                0x080074d0       0x70 ./Middlewares/ST/STM32_USB_Device_Library/Class/CDC/Src/usbd_cdc.o
 .text.USBD_CDC_GetHSCfgDesc
                0x08007540       0x70 ./Middlewares/ST/STM32_USB_Device_Library/Class/CDC/Src/usbd_cdc.o
 .text.USBD_CDC_GetOtherSpeedCfgDesc
                0x080075b0       0x70 ./Middlewares/ST/STM32_USB_Device_Library/Class/CDC/Src/usbd_cdc.o
 .text.USBD_CDC_GetDeviceQualifierDescriptor
                0x08007620       0x20 ./Middlewares/ST/STM32_USB_Device_Library/Class/CDC/Src/usbd_cdc.o
                0x08007620                USBD_CDC_GetDeviceQualifierDescriptor
 .text.USBD_CDC_RegisterInterface
                0x08007640       0x34 ./Middlewares/ST/STM32_USB_Device_Library/Class/CDC/Src/usbd_cdc.o
                0x08007640                USBD_CDC_RegisterInterface
 .text.USBD_CDC_SetTxBuffer
                0x08007674       0x44 ./Middlewares/ST/STM32_USB_Device_Library/Class/CDC/Src/usbd_cdc.o
                0x08007674                USBD_CDC_SetTxBuffer
 .text.USBD_CDC_SetRxBuffer
                0x080076b8       0x3a ./Middlewares/ST/STM32_USB_Device_Library/Class/CDC/Src/usbd_cdc.o
                0x080076b8                USBD_CDC_SetRxBuffer
 *fill*         0x080076f2        0x2 
 .text.USBD_CDC_TransmitPacket
                0x080076f4       0x80 ./Middlewares/ST/STM32_USB_Device_Library/Class/CDC/Src/usbd_cdc.o
                0x080076f4                USBD_CDC_TransmitPacket
 .text.USBD_CDC_ReceivePacket
                0x08007774       0x6c ./Middlewares/ST/STM32_USB_Device_Library/Class/CDC/Src/usbd_cdc.o
                0x08007774                USBD_CDC_ReceivePacket
 .text.USBD_Init
                0x080077e0       0x60 ./Middlewares/ST/STM32_USB_Device_Library/Core/Src/usbd_core.o
                0x080077e0                USBD_Init
 .text.USBD_RegisterClass
                0x08007840       0x6c ./Middlewares/ST/STM32_USB_Device_Library/Core/Src/usbd_core.o
                0x08007840                USBD_RegisterClass
 .text.USBD_Start
                0x080078ac       0x18 ./Middlewares/ST/STM32_USB_Device_Library/Core/Src/usbd_core.o
                0x080078ac                USBD_Start
 .text.USBD_RunTestMode
                0x080078c4       0x16 ./Middlewares/ST/STM32_USB_Device_Library/Core/Src/usbd_core.o
                0x080078c4                USBD_RunTestMode
 .text.USBD_SetClassConfig
                0x080078da       0x38 ./Middlewares/ST/STM32_USB_Device_Library/Core/Src/usbd_core.o
                0x080078da                USBD_SetClassConfig
 .text.USBD_ClrClassConfig
                0x08007912       0x34 ./Middlewares/ST/STM32_USB_Device_Library/Core/Src/usbd_core.o
                0x08007912                USBD_ClrClassConfig
 .text.USBD_LL_SetupStage
                0x08007946       0xaa ./Middlewares/ST/STM32_USB_Device_Library/Core/Src/usbd_core.o
                0x08007946                USBD_LL_SetupStage
 .text.USBD_LL_DataOutStage
                0x080079f0      0x178 ./Middlewares/ST/STM32_USB_Device_Library/Core/Src/usbd_core.o
                0x080079f0                USBD_LL_DataOutStage
 .text.USBD_LL_DataInStage
                0x08007b68      0x176 ./Middlewares/ST/STM32_USB_Device_Library/Core/Src/usbd_core.o
                0x08007b68                USBD_LL_DataInStage
 .text.USBD_LL_Reset
                0x08007cde       0xa6 ./Middlewares/ST/STM32_USB_Device_Library/Core/Src/usbd_core.o
                0x08007cde                USBD_LL_Reset
 .text.USBD_LL_SetSpeed
                0x08007d84       0x20 ./Middlewares/ST/STM32_USB_Device_Library/Core/Src/usbd_core.o
                0x08007d84                USBD_LL_SetSpeed
 .text.USBD_LL_Suspend
                0x08007da4       0x38 ./Middlewares/ST/STM32_USB_Device_Library/Core/Src/usbd_core.o
                0x08007da4                USBD_LL_Suspend
 .text.USBD_LL_Resume
                0x08007ddc       0x30 ./Middlewares/ST/STM32_USB_Device_Library/Core/Src/usbd_core.o
                0x08007ddc                USBD_LL_Resume
 .text.USBD_LL_SOF
                0x08007e0c       0x40 ./Middlewares/ST/STM32_USB_Device_Library/Core/Src/usbd_core.o
                0x08007e0c                USBD_LL_SOF
 .text.USBD_LL_IsoINIncomplete
                0x08007e4c       0x64 ./Middlewares/ST/STM32_USB_Device_Library/Core/Src/usbd_core.o
                0x08007e4c                USBD_LL_IsoINIncomplete
 .text.USBD_LL_IsoOUTIncomplete
                0x08007eb0       0x64 ./Middlewares/ST/STM32_USB_Device_Library/Core/Src/usbd_core.o
                0x08007eb0                USBD_LL_IsoOUTIncomplete
 .text.USBD_LL_DevConnected
                0x08007f14       0x16 ./Middlewares/ST/STM32_USB_Device_Library/Core/Src/usbd_core.o
                0x08007f14                USBD_LL_DevConnected
 .text.USBD_LL_DevDisconnected
                0x08007f2a       0x46 ./Middlewares/ST/STM32_USB_Device_Library/Core/Src/usbd_core.o
                0x08007f2a                USBD_LL_DevDisconnected
 .text.USBD_CoreFindIF
                0x08007f70       0x1a ./Middlewares/ST/STM32_USB_Device_Library/Core/Src/usbd_core.o
                0x08007f70                USBD_CoreFindIF
 .text.USBD_CoreFindEP
                0x08007f8a       0x1a ./Middlewares/ST/STM32_USB_Device_Library/Core/Src/usbd_core.o
                0x08007f8a                USBD_CoreFindEP
 .text.USBD_GetEpDesc
                0x08007fa4       0x70 ./Middlewares/ST/STM32_USB_Device_Library/Core/Src/usbd_core.o
                0x08007fa4                USBD_GetEpDesc
 .text.USBD_GetNextDesc
                0x08008014       0x38 ./Middlewares/ST/STM32_USB_Device_Library/Core/Src/usbd_core.o
                0x08008014                USBD_GetNextDesc
 .text.SWAPBYTE
                0x0800804c       0x3e ./Middlewares/ST/STM32_USB_Device_Library/Core/Src/usbd_ctlreq.o
 *fill*         0x0800808a        0x2 
 .text.USBD_StdDevReq
                0x0800808c       0xe4 ./Middlewares/ST/STM32_USB_Device_Library/Core/Src/usbd_ctlreq.o
                0x0800808c                USBD_StdDevReq
 .text.USBD_StdItfReq
                0x08008170       0xd8 ./Middlewares/ST/STM32_USB_Device_Library/Core/Src/usbd_ctlreq.o
                0x08008170                USBD_StdItfReq
 .text.USBD_StdEPReq
                0x08008248      0x33e ./Middlewares/ST/STM32_USB_Device_Library/Core/Src/usbd_ctlreq.o
                0x08008248                USBD_StdEPReq
 *fill*         0x08008586        0x2 
 .text.USBD_GetDescriptor
                0x08008588      0x328 ./Middlewares/ST/STM32_USB_Device_Library/Core/Src/usbd_ctlreq.o
 .text.USBD_SetAddress
                0x080088b0       0x88 ./Middlewares/ST/STM32_USB_Device_Library/Core/Src/usbd_ctlreq.o
 .text.USBD_SetConfig
                0x08008938      0x154 ./Middlewares/ST/STM32_USB_Device_Library/Core/Src/usbd_ctlreq.o
 .text.USBD_GetConfig
                0x08008a8c       0x6c ./Middlewares/ST/STM32_USB_Device_Library/Core/Src/usbd_ctlreq.o
 .text.USBD_GetStatus
                0x08008af8       0x68 ./Middlewares/ST/STM32_USB_Device_Library/Core/Src/usbd_ctlreq.o
 .text.USBD_SetFeature
                0x08008b60       0x52 ./Middlewares/ST/STM32_USB_Device_Library/Core/Src/usbd_ctlreq.o
 .text.USBD_ClrFeature
                0x08008bb2       0x44 ./Middlewares/ST/STM32_USB_Device_Library/Core/Src/usbd_ctlreq.o
 .text.USBD_ParseSetupRequest
                0x08008bf6       0x74 ./Middlewares/ST/STM32_USB_Device_Library/Core/Src/usbd_ctlreq.o
                0x08008bf6                USBD_ParseSetupRequest
 .text.USBD_CtlError
                0x08008c6a       0x22 ./Middlewares/ST/STM32_USB_Device_Library/Core/Src/usbd_ctlreq.o
                0x08008c6a                USBD_CtlError
 .text.USBD_GetString
                0x08008c8c       0xa4 ./Middlewares/ST/STM32_USB_Device_Library/Core/Src/usbd_ctlreq.o
                0x08008c8c                USBD_GetString
 .text.USBD_GetLen
                0x08008d30       0x34 ./Middlewares/ST/STM32_USB_Device_Library/Core/Src/usbd_ctlreq.o
 .text.USBD_CtlSendData
                0x08008d64       0x3c ./Middlewares/ST/STM32_USB_Device_Library/Core/Src/usbd_ioreq.o
                0x08008d64                USBD_CtlSendData
 .text.USBD_CtlContinueSendData
                0x08008da0       0x22 ./Middlewares/ST/STM32_USB_Device_Library/Core/Src/usbd_ioreq.o
                0x08008da0                USBD_CtlContinueSendData
 .text.USBD_CtlPrepareRx
                0x08008dc2       0x42 ./Middlewares/ST/STM32_USB_Device_Library/Core/Src/usbd_ioreq.o
                0x08008dc2                USBD_CtlPrepareRx
 .text.USBD_CtlContinueRx
                0x08008e04       0x22 ./Middlewares/ST/STM32_USB_Device_Library/Core/Src/usbd_ioreq.o
                0x08008e04                USBD_CtlContinueRx
 .text.USBD_CtlSendStatus
                0x08008e26       0x26 ./Middlewares/ST/STM32_USB_Device_Library/Core/Src/usbd_ioreq.o
                0x08008e26                USBD_CtlSendStatus
 .text.USBD_CtlReceiveStatus
                0x08008e4c       0x26 ./Middlewares/ST/STM32_USB_Device_Library/Core/Src/usbd_ioreq.o
                0x08008e4c                USBD_CtlReceiveStatus
 *fill*         0x08008e72        0x2 
 .text.MX_USB_DEVICE_Init
                0x08008e74       0x60 ./USB_DEVICE/App/usb_device.o
                0x08008e74                MX_USB_DEVICE_Init
 .text.CDC_Init_FS
                0x08008ed4       0x28 ./USB_DEVICE/App/usbd_cdc_if.o
 .text.CDC_DeInit_FS
                0x08008efc       0x10 ./USB_DEVICE/App/usbd_cdc_if.o
 .text.CDC_Control_FS
                0x08008f0c       0xbc ./USB_DEVICE/App/usbd_cdc_if.o
 .text.CDC_Receive_FS
                0x08008fc8       0x28 ./USB_DEVICE/App/usbd_cdc_if.o
 .text.CDC_Transmit_FS
                0x08008ff0       0x4c ./USB_DEVICE/App/usbd_cdc_if.o
                0x08008ff0                CDC_Transmit_FS
 .text.CDC_TransmitCplt_FS
                0x0800903c       0x2c ./USB_DEVICE/App/usbd_cdc_if.o
 .text.USBD_FS_DeviceDescriptor
                0x08009068       0x24 ./USB_DEVICE/App/usbd_desc.o
                0x08009068                USBD_FS_DeviceDescriptor
 .text.USBD_FS_LangIDStrDescriptor
                0x0800908c       0x24 ./USB_DEVICE/App/usbd_desc.o
                0x0800908c                USBD_FS_LangIDStrDescriptor
 .text.USBD_FS_ProductStrDescriptor
                0x080090b0       0x3c ./USB_DEVICE/App/usbd_desc.o
                0x080090b0                USBD_FS_ProductStrDescriptor
 .text.USBD_FS_ManufacturerStrDescriptor
                0x080090ec       0x28 ./USB_DEVICE/App/usbd_desc.o
                0x080090ec                USBD_FS_ManufacturerStrDescriptor
 .text.USBD_FS_SerialStrDescriptor
                0x08009114       0x24 ./USB_DEVICE/App/usbd_desc.o
                0x08009114                USBD_FS_SerialStrDescriptor
 .text.USBD_FS_ConfigStrDescriptor
                0x08009138       0x3c ./USB_DEVICE/App/usbd_desc.o
                0x08009138                USBD_FS_ConfigStrDescriptor
 .text.USBD_FS_InterfaceStrDescriptor
                0x08009174       0x3c ./USB_DEVICE/App/usbd_desc.o
                0x08009174                USBD_FS_InterfaceStrDescriptor
 .text.USBD_FS_USR_BOSDescriptor
                0x080091b0       0x24 ./USB_DEVICE/App/usbd_desc.o
                0x080091b0                USBD_FS_USR_BOSDescriptor
 .text.Get_SerialNum
                0x080091d4       0x58 ./USB_DEVICE/App/usbd_desc.o
 .text.IntToUnicode
                0x0800922c       0x7e ./USB_DEVICE/App/usbd_desc.o
 *fill*         0x080092aa        0x2 
 .text.HAL_PCD_MspInit
                0x080092ac      0x148 ./USB_DEVICE/Target/usbd_conf.o
                0x080092ac                HAL_PCD_MspInit
 .text.HAL_PCD_SetupStageCallback
                0x080093f4       0x24 ./USB_DEVICE/Target/usbd_conf.o
                0x080093f4                HAL_PCD_SetupStageCallback
 .text.HAL_PCD_DataOutStageCallback
                0x08009418       0x36 ./USB_DEVICE/Target/usbd_conf.o
                0x08009418                HAL_PCD_DataOutStageCallback
 .text.HAL_PCD_DataInStageCallback
                0x0800944e       0x34 ./USB_DEVICE/Target/usbd_conf.o
                0x0800944e                HAL_PCD_DataInStageCallback
 .text.HAL_PCD_SOFCallback
                0x08009482       0x1c ./USB_DEVICE/Target/usbd_conf.o
                0x08009482                HAL_PCD_SOFCallback
 .text.HAL_PCD_ResetCallback
                0x0800949e       0x3c ./USB_DEVICE/Target/usbd_conf.o
                0x0800949e                HAL_PCD_ResetCallback
 *fill*         0x080094da        0x2 
 .text.HAL_PCD_SuspendCallback
                0x080094dc       0x4c ./USB_DEVICE/Target/usbd_conf.o
                0x080094dc                HAL_PCD_SuspendCallback
 .text.HAL_PCD_ResumeCallback
                0x08009528       0x50 ./USB_DEVICE/Target/usbd_conf.o
                0x08009528                HAL_PCD_ResumeCallback
 .text.HAL_PCD_ISOOUTIncompleteCallback
                0x08009578       0x24 ./USB_DEVICE/Target/usbd_conf.o
                0x08009578                HAL_PCD_ISOOUTIncompleteCallback
 .text.HAL_PCD_ISOINIncompleteCallback
                0x0800959c       0x24 ./USB_DEVICE/Target/usbd_conf.o
                0x0800959c                HAL_PCD_ISOINIncompleteCallback
 .text.HAL_PCD_ConnectCallback
                0x080095c0       0x1c ./USB_DEVICE/Target/usbd_conf.o
                0x080095c0                HAL_PCD_ConnectCallback
 .text.HAL_PCD_DisconnectCallback
                0x080095dc       0x1c ./USB_DEVICE/Target/usbd_conf.o
                0x080095dc                HAL_PCD_DisconnectCallback
 .text.USBD_LL_Init
                0x080095f8       0x98 ./USB_DEVICE/Target/usbd_conf.o
                0x080095f8                USBD_LL_Init
 .text.USBD_LL_Start
                0x08009690       0x64 ./USB_DEVICE/Target/usbd_conf.o
                0x08009690                USBD_LL_Start
 .text.USBD_LL_OpenEP
                0x080096f4       0x7c ./USB_DEVICE/Target/usbd_conf.o
                0x080096f4                USBD_LL_OpenEP
 .text.USBD_LL_CloseEP
                0x08009770       0x6c ./USB_DEVICE/Target/usbd_conf.o
                0x08009770                USBD_LL_CloseEP
 .text.USBD_LL_StallEP
                0x080097dc       0x6c ./USB_DEVICE/Target/usbd_conf.o
                0x080097dc                USBD_LL_StallEP
 .text.USBD_LL_ClearStallEP
                0x08009848       0x6c ./USB_DEVICE/Target/usbd_conf.o
                0x08009848                USBD_LL_ClearStallEP
 .text.USBD_LL_IsStallEP
                0x080098b4       0x58 ./USB_DEVICE/Target/usbd_conf.o
                0x080098b4                USBD_LL_IsStallEP
 .text.USBD_LL_SetUSBAddress
                0x0800990c       0x6c ./USB_DEVICE/Target/usbd_conf.o
                0x0800990c                USBD_LL_SetUSBAddress
 .text.USBD_LL_Transmit
                0x08009978       0x70 ./USB_DEVICE/Target/usbd_conf.o
                0x08009978                USBD_LL_Transmit
 .text.USBD_LL_PrepareReceive
                0x080099e8       0x70 ./USB_DEVICE/Target/usbd_conf.o
                0x080099e8                USBD_LL_PrepareReceive
 .text.USBD_LL_GetRxDataSize
                0x08009a58       0x26 ./USB_DEVICE/Target/usbd_conf.o
                0x08009a58                USBD_LL_GetRxDataSize
 *fill*         0x08009a7e        0x2 
 .text.HAL_PCDEx_LPM_Callback
                0x08009a80       0x9c ./USB_DEVICE/Target/usbd_conf.o
                0x08009a80                HAL_PCDEx_LPM_Callback
 .text.USBD_static_malloc
                0x08009b1c       0x1c ./USB_DEVICE/Target/usbd_conf.o
                0x08009b1c                USBD_static_malloc
 .text.USBD_static_free
                0x08009b38       0x14 ./USB_DEVICE/Target/usbd_conf.o
                0x08009b38                USBD_static_free
 .text.SystemClockConfig_Resume
                0x08009b4c        0xc ./USB_DEVICE/Target/usbd_conf.o
 .text.memset   0x08009b58       0x10 /Applications/STM32CubeIDE.app/Contents/Eclipse/plugins/com.st.stm32cube.ide.mcu.externaltools.gnu-tools-for-stm32.13.3.rel1.macos64_1.0.0.202411102158/tools/bin/../lib/gcc/arm-none-eabi/13.3.1/../../../../arm-none-eabi/lib/thumb/v7e-m+fp/hard/libc_nano.a(libc_a-memset.o)
                0x08009b58                memset
 .text.__libc_init_array
                0x08009b68       0x48 /Applications/STM32CubeIDE.app/Contents/Eclipse/plugins/com.st.stm32cube.ide.mcu.externaltools.gnu-tools-for-stm32.13.3.rel1.macos64_1.0.0.202411102158/tools/bin/../lib/gcc/arm-none-eabi/13.3.1/../../../../arm-none-eabi/lib/thumb/v7e-m+fp/hard/libc_nano.a(libc_a-init.o)
                0x08009b68                __libc_init_array
 *(.glue_7)
 .glue_7        0x08009bb0        0x0 linker stubs
 *(.glue_7t)
 .glue_7t       0x08009bb0        0x0 linker stubs
 *(.eh_frame)
 .eh_frame      0x08009bb0        0x0 /Applications/STM32CubeIDE.app/Contents/Eclipse/plugins/com.st.stm32cube.ide.mcu.externaltools.gnu-tools-for-stm32.13.3.rel1.macos64_1.0.0.202411102158/tools/bin/../lib/gcc/arm-none-eabi/13.3.1/thumb/v7e-m+fp/hard/crtbegin.o
 *(.init)
 .init          0x08009bb0        0x4 /Applications/STM32CubeIDE.app/Contents/Eclipse/plugins/com.st.stm32cube.ide.mcu.externaltools.gnu-tools-for-stm32.13.3.rel1.macos64_1.0.0.202411102158/tools/bin/../lib/gcc/arm-none-eabi/13.3.1/thumb/v7e-m+fp/hard/crti.o
                0x08009bb0                _init
 .init          0x08009bb4        0x8 /Applications/STM32CubeIDE.app/Contents/Eclipse/plugins/com.st.stm32cube.ide.mcu.externaltools.gnu-tools-for-stm32.13.3.rel1.macos64_1.0.0.202411102158/tools/bin/../lib/gcc/arm-none-eabi/13.3.1/thumb/v7e-m+fp/hard/crtn.o
 *(.fini)
 .fini          0x08009bbc        0x4 /Applications/STM32CubeIDE.app/Contents/Eclipse/plugins/com.st.stm32cube.ide.mcu.externaltools.gnu-tools-for-stm32.13.3.rel1.macos64_1.0.0.202411102158/tools/bin/../lib/gcc/arm-none-eabi/13.3.1/thumb/v7e-m+fp/hard/crti.o
                0x08009bbc                _fini
 .fini          0x08009bc0        0x8 /Applications/STM32CubeIDE.app/Contents/Eclipse/plugins/com.st.stm32cube.ide.mcu.externaltools.gnu-tools-for-stm32.13.3.rel1.macos64_1.0.0.202411102158/tools/bin/../lib/gcc/arm-none-eabi/13.3.1/thumb/v7e-m+fp/hard/crtn.o
                0x08009bc8                        . = ALIGN (0x4)
                0x08009bc8                        _etext = .

.vfp11_veneer   0x08009bc8        0x0
 .vfp11_veneer  0x08009bc8        0x0 linker stubs

.v4_bx          0x08009bc8        0x0
 .v4_bx         0x08009bc8        0x0 linker stubs

.iplt           0x08009bc8        0x0
 .iplt          0x08009bc8        0x0 /Applications/STM32CubeIDE.app/Contents/Eclipse/plugins/com.st.stm32cube.ide.mcu.externaltools.gnu-tools-for-stm32.13.3.rel1.macos64_1.0.0.202411102158/tools/bin/../lib/gcc/arm-none-eabi/13.3.1/thumb/v7e-m+fp/hard/crtbegin.o

.rodata         0x08009bc8       0x90
                0x08009bc8                        . = ALIGN (0x4)
 *(.rodata)
 .rodata        0x08009bc8       0x46 ./USB_DEVICE/App/usbd_desc.o
 *(.rodata*)
 *fill*         0x08009c0e        0x2 
 .rodata.AHBPrescTable
                0x08009c10       0x10 ./Core/Src/system_stm32l4xx.o
                0x08009c10                AHBPrescTable
 .rodata.APBPrescTable
                0x08009c20        0x8 ./Core/Src/system_stm32l4xx.o
                0x08009c20                APBPrescTable
 .rodata.MSIRangeTable
                0x08009c28       0x30 ./Core/Src/system_stm32l4xx.o
                0x08009c28                MSIRangeTable
                0x08009c58                        . = ALIGN (0x4)

.ARM.extab      0x08009c58        0x0
                0x08009c58                        . = ALIGN (0x4)
 *(.ARM.extab* .gnu.linkonce.armextab.*)
                0x08009c58                        . = ALIGN (0x4)

.ARM            0x08009c58        0x8
                0x08009c58                        . = ALIGN (0x4)
                0x08009c58                        __exidx_start = .
 *(.ARM.exidx*)
 .ARM.exidx     0x08009c58        0x8 /Applications/STM32CubeIDE.app/Contents/Eclipse/plugins/com.st.stm32cube.ide.mcu.externaltools.gnu-tools-for-stm32.13.3.rel1.macos64_1.0.0.202411102158/tools/bin/../lib/gcc/arm-none-eabi/13.3.1/thumb/v7e-m+fp/hard/libgcc.a(_udivmoddi4.o)
                0x08009c60                        __exidx_end = .
                0x08009c60                        . = ALIGN (0x4)

.preinit_array  0x08009c60        0x0
                0x08009c60                        . = ALIGN (0x4)
                0x08009c60                        PROVIDE (__preinit_array_start = .)
 *(.preinit_array*)
                0x08009c60                        PROVIDE (__preinit_array_end = .)
                0x08009c60                        . = ALIGN (0x4)

.init_array     0x08009c60        0x4
                0x08009c60                        . = ALIGN (0x4)
                0x08009c60                        PROVIDE (__init_array_start = .)
 *(SORT_BY_NAME(.init_array.*))
 *(.init_array*)
 .init_array    0x08009c60        0x4 /Applications/STM32CubeIDE.app/Contents/Eclipse/plugins/com.st.stm32cube.ide.mcu.externaltools.gnu-tools-for-stm32.13.3.rel1.macos64_1.0.0.202411102158/tools/bin/../lib/gcc/arm-none-eabi/13.3.1/thumb/v7e-m+fp/hard/crtbegin.o
                0x08009c64                        PROVIDE (__init_array_end = .)
                0x08009c64                        . = ALIGN (0x4)

.fini_array     0x08009c64        0x4
                0x08009c64                        . = ALIGN (0x4)
                [!provide]                        PROVIDE (__fini_array_start = .)
 *(SORT_BY_NAME(.fini_array.*))
 *(.fini_array*)
 .fini_array    0x08009c64        0x4 /Applications/STM32CubeIDE.app/Contents/Eclipse/plugins/com.st.stm32cube.ide.mcu.externaltools.gnu-tools-for-stm32.13.3.rel1.macos64_1.0.0.202411102158/tools/bin/../lib/gcc/arm-none-eabi/13.3.1/thumb/v7e-m+fp/hard/crtbegin.o
                [!provide]                        PROVIDE (__fini_array_end = .)
                0x08009c68                        . = ALIGN (0x4)
                0x08009c68                        _sidata = LOADADDR (.data)

.rel.dyn        0x08009c68        0x0
 .rel.iplt      0x08009c68        0x0 /Applications/STM32CubeIDE.app/Contents/Eclipse/plugins/com.st.stm32cube.ide.mcu.externaltools.gnu-tools-for-stm32.13.3.rel1.macos64_1.0.0.202411102158/tools/bin/../lib/gcc/arm-none-eabi/13.3.1/thumb/v7e-m+fp/hard/crtbegin.o

.data           0x20000000      0x10c load address 0x08009c68
                0x20000000                        . = ALIGN (0x4)
                0x20000000                        _sdata = .
 *(.data)
 *(.data*)
 .data.SystemCoreClock
                0x20000000        0x4 ./Core/Src/system_stm32l4xx.o
                0x20000000                SystemCoreClock
 .data.uwTickPrio
                0x20000004        0x4 ./Drivers/STM32L4xx_HAL_Driver/Src/stm32l4xx_hal.o
                0x20000004                uwTickPrio
 .data.uwTickFreq
                0x20000008        0x1 ./Drivers/STM32L4xx_HAL_Driver/Src/stm32l4xx_hal.o
                0x20000008                uwTickFreq
 *fill*         0x20000009        0x3 
 .data.USBD_CDC_DeviceQualifierDesc
                0x2000000c        0xa ./Middlewares/ST/STM32_USB_Device_Library/Class/CDC/Src/usbd_cdc.o
 *fill*         0x20000016        0x2 
 .data.USBD_CDC
                0x20000018       0x38 ./Middlewares/ST/STM32_USB_Device_Library/Class/CDC/Src/usbd_cdc.o
                0x20000018                USBD_CDC
 .data.USBD_CDC_CfgDesc
                0x20000050       0x43 ./Middlewares/ST/STM32_USB_Device_Library/Class/CDC/Src/usbd_cdc.o
 .data.CDCInEpAdd
                0x20000093        0x1 ./Middlewares/ST/STM32_USB_Device_Library/Class/CDC/Src/usbd_cdc.o
 .data.CDCOutEpAdd
                0x20000094        0x1 ./Middlewares/ST/STM32_USB_Device_Library/Class/CDC/Src/usbd_cdc.o
 .data.CDCCmdEpAdd
                0x20000095        0x1 ./Middlewares/ST/STM32_USB_Device_Library/Class/CDC/Src/usbd_cdc.o
 *fill*         0x20000096        0x2 
 .data.USBD_Interface_fops_FS
                0x20000098       0x14 ./USB_DEVICE/App/usbd_cdc_if.o
                0x20000098                USBD_Interface_fops_FS
 .data.FS_Desc  0x200000ac       0x20 ./USB_DEVICE/App/usbd_desc.o
                0x200000ac                FS_Desc
 .data.USBD_FS_DeviceDesc
                0x200000cc       0x12 ./USB_DEVICE/App/usbd_desc.o
                0x200000cc                USBD_FS_DeviceDesc
 *fill*         0x200000de        0x2 
 .data.USBD_FS_BOSDesc
                0x200000e0        0xc ./USB_DEVICE/App/usbd_desc.o
                0x200000e0                USBD_FS_BOSDesc
 .data.USBD_LangIDDesc
                0x200000ec        0x4 ./USB_DEVICE/App/usbd_desc.o
                0x200000ec                USBD_LangIDDesc
 .data.USBD_StringSerial
                0x200000f0       0x1a ./USB_DEVICE/App/usbd_desc.o
                0x200000f0                USBD_StringSerial
 *(.RamFunc)
 *(.RamFunc*)
                0x2000010c                        . = ALIGN (0x4)
 *fill*         0x2000010a        0x2 
                0x2000010c                        _edata = .

.igot.plt       0x2000010c        0x0 load address 0x08009d74
 .igot.plt      0x2000010c        0x0 /Applications/STM32CubeIDE.app/Contents/Eclipse/plugins/com.st.stm32cube.ide.mcu.externaltools.gnu-tools-for-stm32.13.3.rel1.macos64_1.0.0.202411102158/tools/bin/../lib/gcc/arm-none-eabi/13.3.1/thumb/v7e-m+fp/hard/crtbegin.o
                0x2000010c                        . = ALIGN (0x4)

.bss            0x2000010c     0x2ca8 load address 0x08009d74
                0x2000010c                        _sbss = .
                0x2000010c                        __bss_start__ = _sbss
 *(.bss)
 .bss           0x2000010c       0x1c /Applications/STM32CubeIDE.app/Contents/Eclipse/plugins/com.st.stm32cube.ide.mcu.externaltools.gnu-tools-for-stm32.13.3.rel1.macos64_1.0.0.202411102158/tools/bin/../lib/gcc/arm-none-eabi/13.3.1/thumb/v7e-m+fp/hard/crtbegin.o
 *(.bss*)
 .bss.hdfsdm1_filter0
                0x20000128       0x54 ./Core/Src/main.o
                0x20000128                hdfsdm1_filter0
 .bss.hdfsdm1_channel0
                0x2000017c       0x38 ./Core/Src/main.o
                0x2000017c                hdfsdm1_channel0
 .bss.hdma_dfsdm1_flt0
                0x200001b4       0x48 ./Core/Src/main.o
                0x200001b4                hdma_dfsdm1_flt0
 .bss.huart2    0x200001fc       0x88 ./Core/Src/main.o
                0x200001fc                huart2
 .bss.dfsdm_dma
                0x20000284      0xa00 ./Core/Src/main.o
 .bss.half0_pending
                0x20000c84        0x4 ./Core/Src/main.o
                0x20000c84                half0_pending
 .bss.half1_pending
                0x20000c88        0x4 ./Core/Src/main.o
                0x20000c88                half1_pending
 .bss.dc        0x20000c8c        0x4 ./Core/Src/main.o
 .bss.pcm_frame_a
                0x20000c90      0x280 ./Core/Src/main.o
 .bss.pcm_frame_b
                0x20000f10      0x280 ./Core/Src/main.o
 .bss.pcm_buf_sel
                0x20001190        0x1 ./Core/Src/main.o
 *fill*         0x20001191        0x3 
 .bss.frame_count
                0x20001194        0x4 ./Core/Src/main.o
                0x20001194                frame_count
 .bss.last_tick
                0x20001198        0x4 ./Core/Src/main.o
                0x20001198                last_tick
 .bss.HAL_RCC_DFSDM1_CLK_ENABLED
                0x2000119c        0x4 ./Core/Src/stm32l4xx_hal_msp.o
 .bss.DFSDM1_Init
                0x200011a0        0x4 ./Core/Src/stm32l4xx_hal_msp.o
 .bss.uwTick    0x200011a4        0x4 ./Drivers/STM32L4xx_HAL_Driver/Src/stm32l4xx_hal.o
                0x200011a4                uwTick
 .bss.v_dfsdm1ChannelCounter
                0x200011a8        0x4 ./Drivers/STM32L4xx_HAL_Driver/Src/stm32l4xx_hal_dfsdm.o
 .bss.a_dfsdm1ChannelHandle
                0x200011ac       0x20 ./Drivers/STM32L4xx_HAL_Driver/Src/stm32l4xx_hal_dfsdm.o
 .bss.cfgidx.0  0x200011cc        0x1 ./Middlewares/ST/STM32_USB_Device_Library/Core/Src/usbd_ctlreq.o
 *fill*         0x200011cd        0x3 
 .bss.hUsbDeviceFS
                0x200011d0      0x2dc ./USB_DEVICE/App/usb_device.o
                0x200011d0                hUsbDeviceFS
 .bss.UserRxBufferFS
                0x200014ac      0x800 ./USB_DEVICE/App/usbd_cdc_if.o
                0x200014ac                UserRxBufferFS
 .bss.UserTxBufferFS
                0x20001cac      0x800 ./USB_DEVICE/App/usbd_cdc_if.o
                0x20001cac                UserTxBufferFS
 .bss.usb_tx_busy
                0x200024ac        0x1 ./USB_DEVICE/App/usbd_cdc_if.o
                0x200024ac                usb_tx_busy
 *fill*         0x200024ad        0x3 
 .bss.USBD_StrDesc
                0x200024b0      0x200 ./USB_DEVICE/App/usbd_desc.o
                0x200024b0                USBD_StrDesc
 .bss.hpcd_USB_OTG_FS
                0x200026b0      0x4e4 ./USB_DEVICE/Target/usbd_conf.o
                0x200026b0                hpcd_USB_OTG_FS
 .bss.mem.0     0x20002b94      0x220 ./USB_DEVICE/Target/usbd_conf.o
 *(COMMON)
                0x20002db4                        . = ALIGN (0x4)
                0x20002db4                        _ebss = .
                0x20002db4                        __bss_end__ = _ebss

._user_heap_stack
                0x20002db4      0x604 load address 0x08009d74
                0x20002db8                        . = ALIGN (0x8)
 *fill*         0x20002db4        0x4 
                [!provide]                        PROVIDE (end = .)
                0x20002db8                        PROVIDE (_end = .)
                0x20002fb8                        . = (. + _Min_Heap_Size)
 *fill*         0x20002db8      0x200 
                0x200033b8                        . = (. + _Min_Stack_Size)
 *fill*         0x20002fb8      0x400 
                0x200033b8                        . = ALIGN (0x8)

/DISCARD/
 libc.a(*)
 libm.a(*)
 libgcc.a(*)

.ARM.attributes
                0x00000000       0x30
 *(.ARM.attributes)
 .ARM.attributes
                0x00000000       0x22 /Applications/STM32CubeIDE.app/Contents/Eclipse/plugins/com.st.stm32cube.ide.mcu.externaltools.gnu-tools-for-stm32.13.3.rel1.macos64_1.0.0.202411102158/tools/bin/../lib/gcc/arm-none-eabi/13.3.1/thumb/v7e-m+fp/hard/crti.o
 .ARM.attributes
                0x00000022       0x34 /Applications/STM32CubeIDE.app/Contents/Eclipse/plugins/com.st.stm32cube.ide.mcu.externaltools.gnu-tools-for-stm32.13.3.rel1.macos64_1.0.0.202411102158/tools/bin/../lib/gcc/arm-none-eabi/13.3.1/thumb/v7e-m+fp/hard/crtbegin.o
 .ARM.attributes
                0x00000056       0x34 ./Core/Src/main.o
 .ARM.attributes
                0x0000008a       0x34 ./Core/Src/stm32l4xx_hal_msp.o
 .ARM.attributes
                0x000000be       0x34 ./Core/Src/stm32l4xx_it.o
 .ARM.attributes
                0x000000f2       0x34 ./Core/Src/system_stm32l4xx.o
 .ARM.attributes
                0x00000126       0x21 ./Core/Startup/startup_stm32l476rgtx.o
 .ARM.attributes
                0x00000147       0x34 ./Drivers/STM32L4xx_HAL_Driver/Src/stm32l4xx_hal.o
 .ARM.attributes
                0x0000017b       0x34 ./Drivers/STM32L4xx_HAL_Driver/Src/stm32l4xx_hal_cortex.o
 .ARM.attributes
                0x000001af       0x34 ./Drivers/STM32L4xx_HAL_Driver/Src/stm32l4xx_hal_dfsdm.o
 .ARM.attributes
                0x000001e3       0x34 ./Drivers/STM32L4xx_HAL_Driver/Src/stm32l4xx_hal_dma.o
 .ARM.attributes
                0x00000217       0x34 ./Drivers/STM32L4xx_HAL_Driver/Src/stm32l4xx_hal_gpio.o
 .ARM.attributes
                0x0000024b       0x34 ./Drivers/STM32L4xx_HAL_Driver/Src/stm32l4xx_hal_pcd.o
 .ARM.attributes
                0x0000027f       0x34 ./Drivers/STM32L4xx_HAL_Driver/Src/stm32l4xx_hal_pcd_ex.o
 .ARM.attributes
                0x000002b3       0x34 ./Drivers/STM32L4xx_HAL_Driver/Src/stm32l4xx_hal_pwr.o
 .ARM.attributes
                0x000002e7       0x34 ./Drivers/STM32L4xx_HAL_Driver/Src/stm32l4xx_hal_pwr_ex.o
 .ARM.attributes
                0x0000031b       0x34 ./Drivers/STM32L4xx_HAL_Driver/Src/stm32l4xx_hal_rcc.o
 .ARM.attributes
                0x0000034f       0x34 ./Drivers/STM32L4xx_HAL_Driver/Src/stm32l4xx_hal_rcc_ex.o
 .ARM.attributes
                0x00000383       0x34 ./Drivers/STM32L4xx_HAL_Driver/Src/stm32l4xx_hal_uart.o
 .ARM.attributes
                0x000003b7       0x34 ./Drivers/STM32L4xx_HAL_Driver/Src/stm32l4xx_ll_usb.o
 .ARM.attributes
                0x000003eb       0x34 ./Middlewares/ST/STM32_USB_Device_Library/Class/CDC/Src/usbd_cdc.o
 .ARM.attributes
                0x0000041f       0x34 ./Middlewares/ST/STM32_USB_Device_Library/Core/Src/usbd_core.o
 .ARM.attributes
                0x00000453       0x34 ./Middlewares/ST/STM32_USB_Device_Library/Core/Src/usbd_ctlreq.o
 .ARM.attributes
                0x00000487       0x34 ./Middlewares/ST/STM32_USB_Device_Library/Core/Src/usbd_ioreq.o
 .ARM.attributes
                0x000004bb       0x34 ./USB_DEVICE/App/usb_device.o
 .ARM.attributes
                0x000004ef       0x34 ./USB_DEVICE/App/usbd_cdc_if.o
 .ARM.attributes
                0x00000523       0x34 ./USB_DEVICE/App/usbd_desc.o
 .ARM.attributes
                0x00000557       0x34 ./USB_DEVICE/Target/usbd_conf.o
 .ARM.attributes
                0x0000058b       0x34 /Applications/STM32CubeIDE.app/Contents/Eclipse/plugins/com.st.stm32cube.ide.mcu.externaltools.gnu-tools-for-stm32.13.3.rel1.macos64_1.0.0.202411102158/tools/bin/../lib/gcc/arm-none-eabi/13.3.1/../../../../arm-none-eabi/lib/thumb/v7e-m+fp/hard/libc_nano.a(libc_a-memset.o)
 .ARM.attributes
                0x000005bf       0x34 /Applications/STM32CubeIDE.app/Contents/Eclipse/plugins/com.st.stm32cube.ide.mcu.externaltools.gnu-tools-for-stm32.13.3.rel1.macos64_1.0.0.202411102158/tools/bin/../lib/gcc/arm-none-eabi/13.3.1/../../../../arm-none-eabi/lib/thumb/v7e-m+fp/hard/libc_nano.a(libc_a-init.o)
 .ARM.attributes
                0x000005f3       0x22 /Applications/STM32CubeIDE.app/Contents/Eclipse/plugins/com.st.stm32cube.ide.mcu.externaltools.gnu-tools-for-stm32.13.3.rel1.macos64_1.0.0.202411102158/tools/bin/../lib/gcc/arm-none-eabi/13.3.1/thumb/v7e-m+fp/hard/libgcc.a(_aeabi_uldivmod.o)
 .ARM.attributes
                0x00000615       0x34 /Applications/STM32CubeIDE.app/Contents/Eclipse/plugins/com.st.stm32cube.ide.mcu.externaltools.gnu-tools-for-stm32.13.3.rel1.macos64_1.0.0.202411102158/tools/bin/../lib/gcc/arm-none-eabi/13.3.1/thumb/v7e-m+fp/hard/libgcc.a(_udivmoddi4.o)
 .ARM.attributes
                0x00000649       0x22 /Applications/STM32CubeIDE.app/Contents/Eclipse/plugins/com.st.stm32cube.ide.mcu.externaltools.gnu-tools-for-stm32.13.3.rel1.macos64_1.0.0.202411102158/tools/bin/../lib/gcc/arm-none-eabi/13.3.1/thumb/v7e-m+fp/hard/libgcc.a(_dvmd_tls.o)
 .ARM.attributes
                0x0000066b       0x22 /Applications/STM32CubeIDE.app/Contents/Eclipse/plugins/com.st.stm32cube.ide.mcu.externaltools.gnu-tools-for-stm32.13.3.rel1.macos64_1.0.0.202411102158/tools/bin/../lib/gcc/arm-none-eabi/13.3.1/thumb/v7e-m+fp/hard/crtn.o
OUTPUT(ferb.elf elf32-littlearm)
LOAD linker stubs
LOAD /Applications/STM32CubeIDE.app/Contents/Eclipse/plugins/com.st.stm32cube.ide.mcu.externaltools.gnu-tools-for-stm32.13.3.rel1.macos64_1.0.0.202411102158/tools/bin/../lib/gcc/arm-none-eabi/13.3.1/../../../../arm-none-eabi/lib/thumb/v7e-m+fp/hard/libc.a
LOAD /Applications/STM32CubeIDE.app/Contents/Eclipse/plugins/com.st.stm32cube.ide.mcu.externaltools.gnu-tools-for-stm32.13.3.rel1.macos64_1.0.0.202411102158/tools/bin/../lib/gcc/arm-none-eabi/13.3.1/../../../../arm-none-eabi/lib/thumb/v7e-m+fp/hard/libm.a
LOAD /Applications/STM32CubeIDE.app/Contents/Eclipse/plugins/com.st.stm32cube.ide.mcu.externaltools.gnu-tools-for-stm32.13.3.rel1.macos64_1.0.0.202411102158/tools/bin/../lib/gcc/arm-none-eabi/13.3.1/thumb/v7e-m+fp/hard/libgcc.a

.debug_info     0x00000000    0x18cf1
 .debug_info    0x00000000     0x18e5 ./Core/Src/main.o
 .debug_info    0x000018e5     0x16a8 ./Core/Src/stm32l4xx_hal_msp.o
 .debug_info    0x00002f8d      0xc33 ./Core/Src/stm32l4xx_it.o
 .debug_info    0x00003bc0      0x5e2 ./Core/Src/system_stm32l4xx.o
 .debug_info    0x000041a2       0x30 ./Core/Startup/startup_stm32l476rgtx.o
 .debug_info    0x000041d2      0xc4d ./Drivers/STM32L4xx_HAL_Driver/Src/stm32l4xx_hal.o
 .debug_info    0x00004e1f      0xdad ./Drivers/STM32L4xx_HAL_Driver/Src/stm32l4xx_hal_cortex.o
 .debug_info    0x00005bcc     0x1a95 ./Drivers/STM32L4xx_HAL_Driver/Src/stm32l4xx_hal_dfsdm.o
 .debug_info    0x00007661      0x71a ./Drivers/STM32L4xx_HAL_Driver/Src/stm32l4xx_hal_dma.o
 .debug_info    0x00007d7b      0x79f ./Drivers/STM32L4xx_HAL_Driver/Src/stm32l4xx_hal_gpio.o
 .debug_info    0x0000851a     0x14fd ./Drivers/STM32L4xx_HAL_Driver/Src/stm32l4xx_hal_pcd.o
 .debug_info    0x00009a17      0x8d2 ./Drivers/STM32L4xx_HAL_Driver/Src/stm32l4xx_hal_pcd_ex.o
 .debug_info    0x0000a2e9      0x94a ./Drivers/STM32L4xx_HAL_Driver/Src/stm32l4xx_hal_pwr.o
 .debug_info    0x0000ac33      0x9ca ./Drivers/STM32L4xx_HAL_Driver/Src/stm32l4xx_hal_pwr_ex.o
 .debug_info    0x0000b5fd      0xc45 ./Drivers/STM32L4xx_HAL_Driver/Src/stm32l4xx_hal_rcc.o
 .debug_info    0x0000c242      0xe58 ./Drivers/STM32L4xx_HAL_Driver/Src/stm32l4xx_hal_rcc_ex.o
 .debug_info    0x0000d09a     0x3b8e ./Drivers/STM32L4xx_HAL_Driver/Src/stm32l4xx_hal_uart.o
 .debug_info    0x00010c28     0x15ed ./Drivers/STM32L4xx_HAL_Driver/Src/stm32l4xx_ll_usb.o
 .debug_info    0x00012215     0x1372 ./Middlewares/ST/STM32_USB_Device_Library/Class/CDC/Src/usbd_cdc.o
 .debug_info    0x00013587      0xe4b ./Middlewares/ST/STM32_USB_Device_Library/Core/Src/usbd_core.o
 .debug_info    0x000143d2      0xb24 ./Middlewares/ST/STM32_USB_Device_Library/Core/Src/usbd_ctlreq.o
 .debug_info    0x00014ef6      0x79b ./Middlewares/ST/STM32_USB_Device_Library/Core/Src/usbd_ioreq.o
 .debug_info    0x00015691      0x747 ./USB_DEVICE/App/usb_device.o
 .debug_info    0x00015dd8      0x953 ./USB_DEVICE/App/usbd_cdc_if.o
 .debug_info    0x0001672b      0x4e6 ./USB_DEVICE/App/usbd_desc.o
 .debug_info    0x00016c11     0x20e0 ./USB_DEVICE/Target/usbd_conf.o

.debug_abbrev   0x00000000     0x3bf0
 .debug_abbrev  0x00000000      0x330 ./Core/Src/main.o
 .debug_abbrev  0x00000330      0x22c ./Core/Src/stm32l4xx_hal_msp.o
 .debug_abbrev  0x0000055c      0x1ea ./Core/Src/stm32l4xx_it.o
 .debug_abbrev  0x00000746      0x117 ./Core/Src/system_stm32l4xx.o
 .debug_abbrev  0x0000085d       0x24 ./Core/Startup/startup_stm32l476rgtx.o
 .debug_abbrev  0x00000881      0x243 ./Drivers/STM32L4xx_HAL_Driver/Src/stm32l4xx_hal.o
 .debug_abbrev  0x00000ac4      0x31c ./Drivers/STM32L4xx_HAL_Driver/Src/stm32l4xx_hal_cortex.o
 .debug_abbrev  0x00000de0      0x28f ./Drivers/STM32L4xx_HAL_Driver/Src/stm32l4xx_hal_dfsdm.o
 .debug_abbrev  0x0000106f      0x1fd ./Drivers/STM32L4xx_HAL_Driver/Src/stm32l4xx_hal_dma.o
 .debug_abbrev  0x0000126c      0x1d1 ./Drivers/STM32L4xx_HAL_Driver/Src/stm32l4xx_hal_gpio.o
 .debug_abbrev  0x0000143d      0x2eb ./Drivers/STM32L4xx_HAL_Driver/Src/stm32l4xx_hal_pcd.o
 .debug_abbrev  0x00001728      0x25c ./Drivers/STM32L4xx_HAL_Driver/Src/stm32l4xx_hal_pcd_ex.o
 .debug_abbrev  0x00001984      0x1e5 ./Drivers/STM32L4xx_HAL_Driver/Src/stm32l4xx_hal_pwr.o
 .debug_abbrev  0x00001b69      0x1f9 ./Drivers/STM32L4xx_HAL_Driver/Src/stm32l4xx_hal_pwr_ex.o
 .debug_abbrev  0x00001d62      0x2dc ./Drivers/STM32L4xx_HAL_Driver/Src/stm32l4xx_hal_rcc.o
 .debug_abbrev  0x0000203e      0x2a5 ./Drivers/STM32L4xx_HAL_Driver/Src/stm32l4xx_hal_rcc_ex.o
 .debug_abbrev  0x000022e3      0x2f3 ./Drivers/STM32L4xx_HAL_Driver/Src/stm32l4xx_hal_uart.o
 .debug_abbrev  0x000025d6      0x2b1 ./Drivers/STM32L4xx_HAL_Driver/Src/stm32l4xx_ll_usb.o
 .debug_abbrev  0x00002887      0x2e9 ./Middlewares/ST/STM32_USB_Device_Library/Class/CDC/Src/usbd_cdc.o
 .debug_abbrev  0x00002b70      0x294 ./Middlewares/ST/STM32_USB_Device_Library/Core/Src/usbd_core.o
 .debug_abbrev  0x00002e04      0x276 ./Middlewares/ST/STM32_USB_Device_Library/Core/Src/usbd_ctlreq.o
 .debug_abbrev  0x0000307a      0x1b2 ./Middlewares/ST/STM32_USB_Device_Library/Core/Src/usbd_ioreq.o
 .debug_abbrev  0x0000322c      0x1ad ./USB_DEVICE/App/usb_device.o
 .debug_abbrev  0x000033d9      0x2b4 ./USB_DEVICE/App/usbd_cdc_if.o
 .debug_abbrev  0x0000368d      0x1fb ./USB_DEVICE/App/usbd_desc.o
 .debug_abbrev  0x00003888      0x368 ./USB_DEVICE/Target/usbd_conf.o

.debug_aranges  0x00000000     0x13b8
 .debug_aranges
                0x00000000       0x68 ./Core/Src/main.o
 .debug_aranges
                0x00000068       0x50 ./Core/Src/stm32l4xx_hal_msp.o
 .debug_aranges
                0x000000b8       0x78 ./Core/Src/stm32l4xx_it.o
 .debug_aranges
                0x00000130       0x28 ./Core/Src/system_stm32l4xx.o
 .debug_aranges
                0x00000158       0x28 ./Core/Startup/startup_stm32l476rgtx.o
 .debug_aranges
                0x00000180      0x130 ./Drivers/STM32L4xx_HAL_Driver/Src/stm32l4xx_hal.o
 .debug_aranges
                0x000002b0      0x128 ./Drivers/STM32L4xx_HAL_Driver/Src/stm32l4xx_hal_cortex.o
 .debug_aranges
                0x000003d8      0x248 ./Drivers/STM32L4xx_HAL_Driver/Src/stm32l4xx_hal_dfsdm.o
 .debug_aranges
                0x00000620       0x80 ./Drivers/STM32L4xx_HAL_Driver/Src/stm32l4xx_hal_dma.o
 .debug_aranges
                0x000006a0       0x58 ./Drivers/STM32L4xx_HAL_Driver/Src/stm32l4xx_hal_gpio.o
 .debug_aranges
                0x000006f8      0x138 ./Drivers/STM32L4xx_HAL_Driver/Src/stm32l4xx_hal_pcd.o
 .debug_aranges
                0x00000830       0x60 ./Drivers/STM32L4xx_HAL_Driver/Src/stm32l4xx_hal_pcd_ex.o
 .debug_aranges
                0x00000890       0x98 ./Drivers/STM32L4xx_HAL_Driver/Src/stm32l4xx_hal_pwr.o
 .debug_aranges
                0x00000928      0x160 ./Drivers/STM32L4xx_HAL_Driver/Src/stm32l4xx_hal_pwr_ex.o
 .debug_aranges
                0x00000a88       0x90 ./Drivers/STM32L4xx_HAL_Driver/Src/stm32l4xx_hal_rcc.o
 .debug_aranges
                0x00000b18       0xc0 ./Drivers/STM32L4xx_HAL_Driver/Src/stm32l4xx_hal_rcc_ex.o
 .debug_aranges
                0x00000bd8      0x228 ./Drivers/STM32L4xx_HAL_Driver/Src/stm32l4xx_hal_uart.o
 .debug_aranges
                0x00000e00      0x180 ./Drivers/STM32L4xx_HAL_Driver/Src/stm32l4xx_ll_usb.o
 .debug_aranges
                0x00000f80       0x90 ./Middlewares/ST/STM32_USB_Device_Library/Class/CDC/Src/usbd_cdc.o
 .debug_aranges
                0x00001010       0xd8 ./Middlewares/ST/STM32_USB_Device_Library/Core/Src/usbd_core.o
 .debug_aranges
                0x000010e8       0x90 ./Middlewares/ST/STM32_USB_Device_Library/Core/Src/usbd_ctlreq.o
 .debug_aranges
                0x00001178       0x50 ./Middlewares/ST/STM32_USB_Device_Library/Core/Src/usbd_ioreq.o
 .debug_aranges
                0x000011c8       0x20 ./USB_DEVICE/App/usb_device.o
 .debug_aranges
                0x000011e8       0x48 ./USB_DEVICE/App/usbd_cdc_if.o
 .debug_aranges
                0x00001230       0x68 ./USB_DEVICE/App/usbd_desc.o
 .debug_aranges
                0x00001298      0x120 ./USB_DEVICE/Target/usbd_conf.o

.debug_rnglists
                0x00000000      0xef9
 .debug_rnglists
                0x00000000       0x4d ./Core/Src/main.o
 .debug_rnglists
                0x0000004d       0x3a ./Core/Src/stm32l4xx_hal_msp.o
 .debug_rnglists
                0x00000087       0x55 ./Core/Src/stm32l4xx_it.o
 .debug_rnglists
                0x000000dc       0x1a ./Core/Src/system_stm32l4xx.o
 .debug_rnglists
                0x000000f6       0x19 ./Core/Startup/startup_stm32l476rgtx.o
 .debug_rnglists
                0x0000010f       0xdf ./Drivers/STM32L4xx_HAL_Driver/Src/stm32l4xx_hal.o
 .debug_rnglists
                0x000001ee       0xda ./Drivers/STM32L4xx_HAL_Driver/Src/stm32l4xx_hal_cortex.o
 .debug_rnglists
                0x000002c8      0x1c7 ./Drivers/STM32L4xx_HAL_Driver/Src/stm32l4xx_hal_dfsdm.o
 .debug_rnglists
                0x0000048f       0x65 ./Drivers/STM32L4xx_HAL_Driver/Src/stm32l4xx_hal_dma.o
 .debug_rnglists
                0x000004f4       0x3f ./Drivers/STM32L4xx_HAL_Driver/Src/stm32l4xx_hal_gpio.o
 .debug_rnglists
                0x00000533       0xed ./Drivers/STM32L4xx_HAL_Driver/Src/stm32l4xx_hal_pcd.o
 .debug_rnglists
                0x00000620       0x45 ./Drivers/STM32L4xx_HAL_Driver/Src/stm32l4xx_hal_pcd_ex.o
 .debug_rnglists
                0x00000665       0x6e ./Drivers/STM32L4xx_HAL_Driver/Src/stm32l4xx_hal_pwr.o
 .debug_rnglists
                0x000006d3      0x109 ./Drivers/STM32L4xx_HAL_Driver/Src/stm32l4xx_hal_pwr_ex.o
 .debug_rnglists
                0x000007dc       0x6d ./Drivers/STM32L4xx_HAL_Driver/Src/stm32l4xx_hal_rcc.o
 .debug_rnglists
                0x00000849       0x95 ./Drivers/STM32L4xx_HAL_Driver/Src/stm32l4xx_hal_rcc_ex.o
 .debug_rnglists
                0x000008de      0x1da ./Drivers/STM32L4xx_HAL_Driver/Src/stm32l4xx_hal_uart.o
 .debug_rnglists
                0x00000ab8      0x12b ./Drivers/STM32L4xx_HAL_Driver/Src/stm32l4xx_ll_usb.o
 .debug_rnglists
                0x00000be3       0x6c ./Middlewares/ST/STM32_USB_Device_Library/Class/CDC/Src/usbd_cdc.o
 .debug_rnglists
                0x00000c4f       0xa1 ./Middlewares/ST/STM32_USB_Device_Library/Core/Src/usbd_core.o
 .debug_rnglists
                0x00000cf0       0x6e ./Middlewares/ST/STM32_USB_Device_Library/Core/Src/usbd_ctlreq.o
 .debug_rnglists
                0x00000d5e       0x37 ./Middlewares/ST/STM32_USB_Device_Library/Core/Src/usbd_ioreq.o
 .debug_rnglists
                0x00000d95       0x13 ./USB_DEVICE/App/usb_device.o
 .debug_rnglists
                0x00000da8       0x32 ./USB_DEVICE/App/usbd_cdc_if.o
 .debug_rnglists
                0x00000dda       0x49 ./USB_DEVICE/App/usbd_desc.o
 .debug_rnglists
                0x00000e23       0xd6 ./USB_DEVICE/Target/usbd_conf.o

.debug_macro    0x00000000    0x292f4
 .debug_macro   0x00000000      0x3be ./Core/Src/main.o
 .debug_macro   0x000003be      0xad8 ./Core/Src/main.o
 .debug_macro   0x00000e96      0x1ad ./Core/Src/main.o
 .debug_macro   0x00001043       0x2e ./Core/Src/main.o
 .debug_macro   0x00001071       0x28 ./Core/Src/main.o
 .debug_macro   0x00001099       0x22 ./Core/Src/main.o
 .debug_macro   0x000010bb       0x8e ./Core/Src/main.o
 .debug_macro   0x00001149       0x51 ./Core/Src/main.o
 .debug_macro   0x0000119a      0x103 ./Core/Src/main.o
 .debug_macro   0x0000129d       0x6a ./Core/Src/main.o
 .debug_macro   0x00001307      0x1df ./Core/Src/main.o
 .debug_macro   0x000014e6       0x1c ./Core/Src/main.o
 .debug_macro   0x00001502       0x22 ./Core/Src/main.o
 .debug_macro   0x00001524       0xfb ./Core/Src/main.o
 .debug_macro   0x0000161f     0x1011 ./Core/Src/main.o
 .debug_macro   0x00002630      0x11f ./Core/Src/main.o
 .debug_macro   0x0000274f    0x1a192 ./Core/Src/main.o
 .debug_macro   0x0001c8e1       0x6d ./Core/Src/main.o
 .debug_macro   0x0001c94e     0x38fb ./Core/Src/main.o
 .debug_macro   0x00020249      0x190 ./Core/Src/main.o
 .debug_macro   0x000203d9       0x5c ./Core/Src/main.o
 .debug_macro   0x00020435     0x159e ./Core/Src/main.o
 .debug_macro   0x000219d3      0x5a5 ./Core/Src/main.o
 .debug_macro   0x00021f78      0x1b9 ./Core/Src/main.o
 .debug_macro   0x00022131      0x18b ./Core/Src/main.o
 .debug_macro   0x000222bc      0x2c4 ./Core/Src/main.o
 .debug_macro   0x00022580      0x27a ./Core/Src/main.o
 .debug_macro   0x000227fa      0x29c ./Core/Src/main.o
 .debug_macro   0x00022a96      0x23d ./Core/Src/main.o
 .debug_macro   0x00022cd3      0x241 ./Core/Src/main.o
 .debug_macro   0x00022f14      0x37c ./Core/Src/main.o
 .debug_macro   0x00023290       0xd6 ./Core/Src/main.o
 .debug_macro   0x00023366      0x215 ./Core/Src/main.o
 .debug_macro   0x0002357b       0x97 ./Core/Src/main.o
 .debug_macro   0x00023612      0x122 ./Core/Src/main.o
 .debug_macro   0x00023734      0x3ef ./Core/Src/main.o
 .debug_macro   0x00023b23      0x5cf ./Core/Src/main.o
 .debug_macro   0x000240f2       0x44 ./Core/Src/main.o
 .debug_macro   0x00024136      0x330 ./Core/Src/main.o
 .debug_macro   0x00024466       0x4c ./Core/Src/main.o
 .debug_macro   0x000244b2       0x61 ./Core/Src/main.o
 .debug_macro   0x00024513       0x2a ./Core/Src/main.o
 .debug_macro   0x0002453d       0x43 ./Core/Src/main.o
 .debug_macro   0x00024580       0x34 ./Core/Src/main.o
 .debug_macro   0x000245b4       0x16 ./Core/Src/main.o
 .debug_macro   0x000245ca       0x3c ./Core/Src/main.o
 .debug_macro   0x00024606      0x370 ./Core/Src/main.o
 .debug_macro   0x00024976       0x10 ./Core/Src/main.o
 .debug_macro   0x00024986       0x16 ./Core/Src/main.o
 .debug_macro   0x0002499c       0x4a ./Core/Src/main.o
 .debug_macro   0x000249e6       0x34 ./Core/Src/main.o
 .debug_macro   0x00024a1a       0x10 ./Core/Src/main.o
 .debug_macro   0x00024a2a       0x58 ./Core/Src/main.o
 .debug_macro   0x00024a82       0x8e ./Core/Src/main.o
 .debug_macro   0x00024b10       0x1c ./Core/Src/main.o
 .debug_macro   0x00024b2c      0x185 ./Core/Src/main.o
 .debug_macro   0x00024cb1       0x16 ./Core/Src/main.o
 .debug_macro   0x00024cc7       0x16 ./Core/Src/main.o
 .debug_macro   0x00024cdd      0x146 ./Core/Src/main.o
 .debug_macro   0x00024e23       0x16 ./Core/Src/main.o
 .debug_macro   0x00024e39       0x16 ./Core/Src/main.o
 .debug_macro   0x00024e4f       0x29 ./Core/Src/main.o
 .debug_macro   0x00024e78       0x16 ./Core/Src/main.o
 .debug_macro   0x00024e8e       0x20 ./Core/Src/main.o
 .debug_macro   0x00024eae       0x5f ./Core/Src/main.o
 .debug_macro   0x00024f0d      0x20f ./Core/Src/main.o
 .debug_macro   0x0002511c       0x95 ./Core/Src/main.o
 .debug_macro   0x000251b1       0x10 ./Core/Src/main.o
 .debug_macro   0x000251c1      0x1f8 ./Core/Src/stm32l4xx_hal_msp.o
 .debug_macro   0x000253b9      0x202 ./Core/Src/stm32l4xx_it.o
 .debug_macro   0x000255bb      0x1e9 ./Core/Src/system_stm32l4xx.o
 .debug_macro   0x000257a4      0x237 ./Drivers/STM32L4xx_HAL_Driver/Src/stm32l4xx_hal.o
 .debug_macro   0x000259db      0x1e9 ./Drivers/STM32L4xx_HAL_Driver/Src/stm32l4xx_hal_cortex.o
 .debug_macro   0x00025bc4      0x20d ./Drivers/STM32L4xx_HAL_Driver/Src/stm32l4xx_hal_dfsdm.o
 .debug_macro   0x00025dd1      0x1e9 ./Drivers/STM32L4xx_HAL_Driver/Src/stm32l4xx_hal_dma.o
 .debug_macro   0x00025fba      0x1f0 ./Drivers/STM32L4xx_HAL_Driver/Src/stm32l4xx_hal_gpio.o
 .debug_macro   0x000261aa      0x1f5 ./Drivers/STM32L4xx_HAL_Driver/Src/stm32l4xx_hal_pcd.o
 .debug_macro   0x0002639f      0x1e9 ./Drivers/STM32L4xx_HAL_Driver/Src/stm32l4xx_hal_pcd_ex.o
 .debug_macro   0x00026588      0x201 ./Drivers/STM32L4xx_HAL_Driver/Src/stm32l4xx_hal_pwr.o
 .debug_macro   0x00026789      0x20d ./Drivers/STM32L4xx_HAL_Driver/Src/stm32l4xx_hal_pwr_ex.o
 .debug_macro   0x00026996      0x22b ./Drivers/STM32L4xx_HAL_Driver/Src/stm32l4xx_hal_rcc.o
 .debug_macro   0x00026bc1      0x21f ./Drivers/STM32L4xx_HAL_Driver/Src/stm32l4xx_hal_rcc_ex.o
 .debug_macro   0x00026de0      0x214 ./Drivers/STM32L4xx_HAL_Driver/Src/stm32l4xx_hal_uart.o
 .debug_macro   0x00026ff4      0x1e9 ./Drivers/STM32L4xx_HAL_Driver/Src/stm32l4xx_ll_usb.o
 .debug_macro   0x000271dd      0x387 ./Middlewares/ST/STM32_USB_Device_Library/Class/CDC/Src/usbd_cdc.o
 .debug_macro   0x00027564       0x9e ./Middlewares/ST/STM32_USB_Device_Library/Class/CDC/Src/usbd_cdc.o
 .debug_macro   0x00027602      0x112 ./Middlewares/ST/STM32_USB_Device_Library/Class/CDC/Src/usbd_cdc.o
 .debug_macro   0x00027714       0x56 ./Middlewares/ST/STM32_USB_Device_Library/Class/CDC/Src/usbd_cdc.o
 .debug_macro   0x0002776a      0x36e ./Middlewares/ST/STM32_USB_Device_Library/Core/Src/usbd_core.o
 .debug_macro   0x00027ad8      0x215 ./Middlewares/ST/STM32_USB_Device_Library/Core/Src/usbd_core.o
 .debug_macro   0x00027ced      0x378 ./Middlewares/ST/STM32_USB_Device_Library/Core/Src/usbd_ctlreq.o
 .debug_macro   0x00028065      0x374 ./Middlewares/ST/STM32_USB_Device_Library/Core/Src/usbd_ioreq.o
 .debug_macro   0x000283d9      0x3a7 ./USB_DEVICE/App/usb_device.o
 .debug_macro   0x00028780       0x52 ./USB_DEVICE/App/usb_device.o
 .debug_macro   0x000287d2       0x22 ./USB_DEVICE/App/usb_device.o
 .debug_macro   0x000287f4       0x16 ./USB_DEVICE/App/usb_device.o
 .debug_macro   0x0002880a      0x392 ./USB_DEVICE/App/usbd_cdc_if.o
 .debug_macro   0x00028b9c      0x3b1 ./USB_DEVICE/App/usbd_desc.o
 .debug_macro   0x00028f4d       0x1c ./USB_DEVICE/App/usbd_desc.o
 .debug_macro   0x00028f69      0x38b ./USB_DEVICE/Target/usbd_conf.o

.debug_line     0x00000000    0x179da
 .debug_line    0x00000000      0xd40 ./Core/Src/main.o
 .debug_line    0x00000d40      0x8c2 ./Core/Src/stm32l4xx_hal_msp.o
 .debug_line    0x00001602      0x818 ./Core/Src/stm32l4xx_it.o
 .debug_line    0x00001e1a      0x7bf ./Core/Src/system_stm32l4xx.o
 .debug_line    0x000025d9       0x7a ./Core/Startup/startup_stm32l476rgtx.o
 .debug_line    0x00002653      0xb28 ./Drivers/STM32L4xx_HAL_Driver/Src/stm32l4xx_hal.o
 .debug_line    0x0000317b      0xcc2 ./Drivers/STM32L4xx_HAL_Driver/Src/stm32l4xx_hal_cortex.o
 .debug_line    0x00003e3d     0x1e50 ./Drivers/STM32L4xx_HAL_Driver/Src/stm32l4xx_hal_dfsdm.o
 .debug_line    0x00005c8d      0xcdc ./Drivers/STM32L4xx_HAL_Driver/Src/stm32l4xx_hal_dma.o
 .debug_line    0x00006969      0xb7b ./Drivers/STM32L4xx_HAL_Driver/Src/stm32l4xx_hal_gpio.o
 .debug_line    0x000074e4     0x1308 ./Drivers/STM32L4xx_HAL_Driver/Src/stm32l4xx_hal_pcd.o
 .debug_line    0x000087ec      0x927 ./Drivers/STM32L4xx_HAL_Driver/Src/stm32l4xx_hal_pcd_ex.o
 .debug_line    0x00009113      0x8f2 ./Drivers/STM32L4xx_HAL_Driver/Src/stm32l4xx_hal_pwr.o
 .debug_line    0x00009a05      0xd09 ./Drivers/STM32L4xx_HAL_Driver/Src/stm32l4xx_hal_pwr_ex.o
 .debug_line    0x0000a70e     0x107c ./Drivers/STM32L4xx_HAL_Driver/Src/stm32l4xx_hal_rcc.o
 .debug_line    0x0000b78a     0x154a ./Drivers/STM32L4xx_HAL_Driver/Src/stm32l4xx_hal_rcc_ex.o
 .debug_line    0x0000ccd4     0x2d5a ./Drivers/STM32L4xx_HAL_Driver/Src/stm32l4xx_hal_uart.o
 .debug_line    0x0000fa2e     0x1794 ./Drivers/STM32L4xx_HAL_Driver/Src/stm32l4xx_ll_usb.o
 .debug_line    0x000111c2      0xe84 ./Middlewares/ST/STM32_USB_Device_Library/Class/CDC/Src/usbd_cdc.o
 .debug_line    0x00012046      0xf3c ./Middlewares/ST/STM32_USB_Device_Library/Core/Src/usbd_core.o
 .debug_line    0x00012f82     0x111b ./Middlewares/ST/STM32_USB_Device_Library/Core/Src/usbd_ctlreq.o
 .debug_line    0x0001409d      0xa43 ./Middlewares/ST/STM32_USB_Device_Library/Core/Src/usbd_ioreq.o
 .debug_line    0x00014ae0      0xa09 ./USB_DEVICE/App/usb_device.o
 .debug_line    0x000154e9      0xa5f ./USB_DEVICE/App/usbd_cdc_if.o
 .debug_line    0x00015f48      0xacd ./USB_DEVICE/App/usbd_desc.o
 .debug_line    0x00016a15      0xfc5 ./USB_DEVICE/Target/usbd_conf.o

.debug_str      0x00000000    0xefcf9
 .debug_str     0x00000000    0xefcf9 ./Core/Src/main.o
                              0xeafb1 (size before relaxing)
 .debug_str     0x000efcf9    0xe680a ./Core/Src/stm32l4xx_hal_msp.o
 .debug_str     0x000efcf9    0xe5df2 ./Core/Src/stm32l4xx_it.o
 .debug_str     0x000efcf9    0xe54e2 ./Core/Src/system_stm32l4xx.o
 .debug_str     0x000efcf9       0x7c ./Core/Startup/startup_stm32l476rgtx.o
 .debug_str     0x000efcf9    0xe60f6 ./Drivers/STM32L4xx_HAL_Driver/Src/stm32l4xx_hal.o
 .debug_str     0x000efcf9    0xe5d5b ./Drivers/STM32L4xx_HAL_Driver/Src/stm32l4xx_hal_cortex.o
 .debug_str     0x000efcf9    0xe6400 ./Drivers/STM32L4xx_HAL_Driver/Src/stm32l4xx_hal_dfsdm.o
 .debug_str     0x000efcf9    0xe575e ./Drivers/STM32L4xx_HAL_Driver/Src/stm32l4xx_hal_dma.o
 .debug_str     0x000efcf9    0xe566d ./Drivers/STM32L4xx_HAL_Driver/Src/stm32l4xx_hal_gpio.o
 .debug_str     0x000efcf9    0xe5f63 ./Drivers/STM32L4xx_HAL_Driver/Src/stm32l4xx_hal_pcd.o
 .debug_str     0x000efcf9    0xe5931 ./Drivers/STM32L4xx_HAL_Driver/Src/stm32l4xx_hal_pcd_ex.o
 .debug_str     0x000efcf9    0xe584d ./Drivers/STM32L4xx_HAL_Driver/Src/stm32l4xx_hal_pwr.o
 .debug_str     0x000efcf9    0xe5a3d ./Drivers/STM32L4xx_HAL_Driver/Src/stm32l4xx_hal_pwr_ex.o
 .debug_str     0x000efcf9    0xe5b28 ./Drivers/STM32L4xx_HAL_Driver/Src/stm32l4xx_hal_rcc.o
 .debug_str     0x000efcf9    0xe5cb3 ./Drivers/STM32L4xx_HAL_Driver/Src/stm32l4xx_hal_rcc_ex.o
 .debug_str     0x000efcf9    0xe623a ./Drivers/STM32L4xx_HAL_Driver/Src/stm32l4xx_hal_uart.o
 .debug_str     0x000efcf9    0xe5c1d ./Drivers/STM32L4xx_HAL_Driver/Src/stm32l4xx_ll_usb.o
 .debug_str     0x000efcf9    0xea649 ./Middlewares/ST/STM32_USB_Device_Library/Class/CDC/Src/usbd_cdc.o
 .debug_str     0x000efcf9    0xe9f57 ./Middlewares/ST/STM32_USB_Device_Library/Core/Src/usbd_core.o
 .debug_str     0x000efcf9    0xe9d82 ./Middlewares/ST/STM32_USB_Device_Library/Core/Src/usbd_ctlreq.o
 .debug_str     0x000efcf9    0xe9c57 ./Middlewares/ST/STM32_USB_Device_Library/Core/Src/usbd_ioreq.o
 .debug_str     0x000efcf9    0xea00a ./USB_DEVICE/App/usb_device.o
 .debug_str     0x000efcf9    0xea056 ./USB_DEVICE/App/usbd_cdc_if.o
 .debug_str     0x000efcf9    0xe9b79 ./USB_DEVICE/App/usbd_desc.o
 .debug_str     0x000efcf9    0xeb258 ./USB_DEVICE/Target/usbd_conf.o

.comment        0x00000000       0x43
 .comment       0x00000000       0x43 ./Core/Src/main.o
                                 0x44 (size before relaxing)
 .comment       0x00000043       0x44 ./Core/Src/stm32l4xx_hal_msp.o
 .comment       0x00000043       0x44 ./Core/Src/stm32l4xx_it.o
 .comment       0x00000043       0x44 ./Core/Src/system_stm32l4xx.o
 .comment       0x00000043       0x44 ./Drivers/STM32L4xx_HAL_Driver/Src/stm32l4xx_hal.o
 .comment       0x00000043       0x44 ./Drivers/STM32L4xx_HAL_Driver/Src/stm32l4xx_hal_cortex.o
 .comment       0x00000043       0x44 ./Drivers/STM32L4xx_HAL_Driver/Src/stm32l4xx_hal_dfsdm.o
 .comment       0x00000043       0x44 ./Drivers/STM32L4xx_HAL_Driver/Src/stm32l4xx_hal_dma.o
 .comment       0x00000043       0x44 ./Drivers/STM32L4xx_HAL_Driver/Src/stm32l4xx_hal_gpio.o
 .comment       0x00000043       0x44 ./Drivers/STM32L4xx_HAL_Driver/Src/stm32l4xx_hal_pcd.o
 .comment       0x00000043       0x44 ./Drivers/STM32L4xx_HAL_Driver/Src/stm32l4xx_hal_pcd_ex.o
 .comment       0x00000043       0x44 ./Drivers/STM32L4xx_HAL_Driver/Src/stm32l4xx_hal_pwr.o
 .comment       0x00000043       0x44 ./Drivers/STM32L4xx_HAL_Driver/Src/stm32l4xx_hal_pwr_ex.o
 .comment       0x00000043       0x44 ./Drivers/STM32L4xx_HAL_Driver/Src/stm32l4xx_hal_rcc.o
 .comment       0x00000043       0x44 ./Drivers/STM32L4xx_HAL_Driver/Src/stm32l4xx_hal_rcc_ex.o
 .comment       0x00000043       0x44 ./Drivers/STM32L4xx_HAL_Driver/Src/stm32l4xx_hal_uart.o
 .comment       0x00000043       0x44 ./Drivers/STM32L4xx_HAL_Driver/Src/stm32l4xx_ll_usb.o
 .comment       0x00000043       0x44 ./Middlewares/ST/STM32_USB_Device_Library/Class/CDC/Src/usbd_cdc.o