../Core/Src/main.c:88:5:_write	24	static
../Core/Src/main.c:104:5:main	56	static,ignoring_inline_asm
../Core/Src/main.c:247:6:SystemClock_Config	96	static
../Core/Src/main.c:308:13:MX_DFSDM1_Init	8	static
../Core/Src/main.c:362:13:MX_USART2_UART_Init	8	static
../Core/Src/main.c:395:13:MX_DMA_Init	16	static
../Core/Src/main.c:413:13:MX_GPIO_Init	48	static
../Core/Src/main.c:449:6:HAL_DFSDM_FilterRegConvHalfCpltCallback	16	static
../Core/Src/main.c:454:6:HAL_DFSDM_FilterRegConvCpltCallback	16	static
../Core/Src/main.c:466:6:Error_Handler	4	static,ignoring_inline_asm
