../Core/Src/main.c:80:5:_write	24	static
../Core/Src/main.c:96:5:main	48	static,ignoring_inline_asm
../Core/Src/main.c:217:6:SystemClock_Config	96	static
../Core/Src/main.c:267:13:MX_DFSDM1_Init	8	static
../Core/Src/main.c:321:13:MX_USART2_UART_Init	8	static
../Core/Src/main.c:354:13:MX_DMA_Init	16	static
../Core/Src/main.c:372:13:MX_GPIO_Init	48	static
../Core/Src/main.c:408:6:HAL_DFSDM_FilterRegConvHalfCpltCallback	16	static
../Core/Src/main.c:413:6:HAL_DFSDM_FilterRegConvCpltCallback	16	static
../Core/Src/main.c:425:6:Error_Handler	4	static,ignoring_inline_asm
